Analysis & Synthesis report for DLX
Wed Feb 11 12:14:06 2026
Quartus Prime Version 24.1std.0 Build 1077 03/04/2025 SC Lite Edition


---------------------
; Table of Contents ;
---------------------
  1. Legal Notice
  2. Analysis & Synthesis Summary
  3. Analysis & Synthesis Settings
  4. Parallel Compilation
  5. Analysis & Synthesis Messages



----------------
; Legal Notice ;
----------------
Copyright (C) 2025  Altera Corporation. All rights reserved.
Your use of Altera Corporation's design tools, logic functions 
and other software and tools, and any partner logic 
functions, and any output files from any of the foregoing 
(including device programming or simulation files), and any 
associated documentation or information are expressly subject 
to the terms and conditions of the Altera Program License 
Subscription Agreement, the Altera Quartus Prime License Agreement,
the Altera IP License Agreement, or other applicable license
agreement, including, without limitation, that your use is for
the sole purpose of programming logic devices manufactured by
Altera and sold by Altera or its authorized distributors.  Please
refer to the Altera Software License Subscription Agreements 
on the Quartus Prime software download page.



+--------------------------------------------------------------------------------------+
; Analysis & Synthesis Summary                                                         ;
+------------------------------------+-------------------------------------------------+
; Analysis & Synthesis Status        ; Failed - Wed Feb 11 12:14:06 2026               ;
; Quartus Prime Version              ; 24.1std.0 Build 1077 03/04/2025 SC Lite Edition ;
; Revision Name                      ; DLX                                             ;
; Top-level Entity Name              ; DLX                                             ;
; Family                             ; MAX 10                                          ;
; Total logic elements               ; N/A until Partition Merge                       ;
;     Total combinational functions  ; N/A until Partition Merge                       ;
;     Dedicated logic registers      ; N/A until Partition Merge                       ;
; Total registers                    ; N/A until Partition Merge                       ;
; Total pins                         ; N/A until Partition Merge                       ;
; Total virtual pins                 ; N/A until Partition Merge                       ;
; Total memory bits                  ; N/A until Partition Merge                       ;
; Embedded Multiplier 9-bit elements ; N/A until Partition Merge                       ;
; Total PLLs                         ; N/A until Partition Merge                       ;
; UFM blocks                         ; N/A until Partition Merge                       ;
; ADC blocks                         ; N/A until Partition Merge                       ;
+------------------------------------+-------------------------------------------------+


+------------------------------------------------------------------------------------------------------------+
; Analysis & Synthesis Settings                                                                              ;
+------------------------------------------------------------------+--------------------+--------------------+
; Option                                                           ; Setting            ; Default Value      ;
+------------------------------------------------------------------+--------------------+--------------------+
; Device                                                           ; 10M50DAF484C7G     ;                    ;
; Top-level entity name                                            ; DLX                ; DLX                ;
; Family name                                                      ; MAX 10 FPGA        ; Cyclone V          ;
; Use smart compilation                                            ; Off                ; Off                ;
; Enable parallel Assembler and Timing Analyzer during compilation ; On                 ; On                 ;
; Enable compact report table                                      ; Off                ; Off                ;
; Restructure Multiplexers                                         ; Auto               ; Auto               ;
; Create Debugging Nodes for IP Cores                              ; Off                ; Off                ;
; Preserve fewer node names                                        ; On                 ; On                 ;
; Intel FPGA IP Evaluation Mode                                    ; Enable             ; Enable             ;
; Verilog Version                                                  ; Verilog_2001       ; Verilog_2001       ;
; VHDL Version                                                     ; VHDL_1993          ; VHDL_1993          ;
; State Machine Processing                                         ; Auto               ; Auto               ;
; Safe State Machine                                               ; Off                ; Off                ;
; Extract Verilog State Machines                                   ; On                 ; On                 ;
; Extract VHDL State Machines                                      ; On                 ; On                 ;
; Ignore Verilog initial constructs                                ; Off                ; Off                ;
; Iteration limit for constant Verilog loops                       ; 5000               ; 5000               ;
; Iteration limit for non-constant Verilog loops                   ; 250                ; 250                ;
; Add Pass-Through Logic to Inferred RAMs                          ; On                 ; On                 ;
; Infer RAMs from Raw Logic                                        ; On                 ; On                 ;
; Parallel Synthesis                                               ; On                 ; On                 ;
; DSP Block Balancing                                              ; Auto               ; Auto               ;
; NOT Gate Push-Back                                               ; On                 ; On                 ;
; Power-Up Don't Care                                              ; On                 ; On                 ;
; Remove Redundant Logic Cells                                     ; Off                ; Off                ;
; Remove Duplicate Registers                                       ; On                 ; On                 ;
; Ignore CARRY Buffers                                             ; Off                ; Off                ;
; Ignore CASCADE Buffers                                           ; Off                ; Off                ;
; Ignore GLOBAL Buffers                                            ; Off                ; Off                ;
; Ignore ROW GLOBAL Buffers                                        ; Off                ; Off                ;
; Ignore LCELL Buffers                                             ; Off                ; Off                ;
; Ignore SOFT Buffers                                              ; On                 ; On                 ;
; Limit AHDL Integers to 32 Bits                                   ; Off                ; Off                ;
; Optimization Technique                                           ; Balanced           ; Balanced           ;
; Carry Chain Length                                               ; 70                 ; 70                 ;
; Auto Carry Chains                                                ; On                 ; On                 ;
; Auto Open-Drain Pins                                             ; On                 ; On                 ;
; Perform WYSIWYG Primitive Resynthesis                            ; Off                ; Off                ;
; Auto ROM Replacement                                             ; On                 ; On                 ;
; Auto RAM Replacement                                             ; On                 ; On                 ;
; Auto DSP Block Replacement                                       ; On                 ; On                 ;
; Auto Shift Register Replacement                                  ; Auto               ; Auto               ;
; Allow Shift Register Merging across Hierarchies                  ; Auto               ; Auto               ;
; Auto Clock Enable Replacement                                    ; On                 ; On                 ;
; Strict RAM Replacement                                           ; Off                ; Off                ;
; Allow Synchronous Control Signals                                ; On                 ; On                 ;
; Force Use of Synchronous Clear Signals                           ; Off                ; Off                ;
; Auto RAM Block Balancing                                         ; On                 ; On                 ;
; Auto RAM to Logic Cell Conversion                                ; Off                ; Off                ;
; Auto Resource Sharing                                            ; Off                ; Off                ;
; Allow Any RAM Size For Recognition                               ; Off                ; Off                ;
; Allow Any ROM Size For Recognition                               ; Off                ; Off                ;
; Allow Any Shift Register Size For Recognition                    ; Off                ; Off                ;
; Use LogicLock Constraints during Resource Balancing              ; On                 ; On                 ;
; Ignore translate_off and synthesis_off directives                ; Off                ; Off                ;
; Timing-Driven Synthesis                                          ; On                 ; On                 ;
; Report Parameter Settings                                        ; On                 ; On                 ;
; Report Source Assignments                                        ; On                 ; On                 ;
; Report Connectivity Checks                                       ; On                 ; On                 ;
; Ignore Maximum Fan-Out Assignments                               ; Off                ; Off                ;
; Synchronization Register Chain Length                            ; 2                  ; 2                  ;
; Power Optimization During Synthesis                              ; Normal compilation ; Normal compilation ;
; HDL message level                                                ; Level2             ; Level2             ;
; Suppress Register Optimization Related Messages                  ; Off                ; Off                ;
; Number of Removed Registers Reported in Synthesis Report         ; 5000               ; 5000               ;
; Number of Swept Nodes Reported in Synthesis Report               ; 5000               ; 5000               ;
; Number of Inverted Registers Reported in Synthesis Report        ; 100                ; 100                ;
; Clock MUX Protection                                             ; On                 ; On                 ;
; Auto Gated Clock Conversion                                      ; Off                ; Off                ;
; Block Design Naming                                              ; Auto               ; Auto               ;
; SDC constraint protection                                        ; Off                ; Off                ;
; Synthesis Effort                                                 ; Auto               ; Auto               ;
; Shift Register Replacement - Allow Asynchronous Clear Signal     ; On                 ; On                 ;
; Pre-Mapping Resynthesis Optimization                             ; Off                ; Off                ;
; Analysis & Synthesis Message Level                               ; Medium             ; Medium             ;
; Disable Register Merging Across Hierarchies                      ; Auto               ; Auto               ;
; Resource Aware Inference For Block RAM                           ; On                 ; On                 ;
+------------------------------------------------------------------+--------------------+--------------------+


+------------------------------------------+
; Parallel Compilation                     ;
+----------------------------+-------------+
; Processors                 ; Number      ;
+----------------------------+-------------+
; Number detected on machine ; 8           ;
; Maximum allowed            ; 8           ;
;                            ;             ;
; Average used               ; 1.00        ;
; Maximum used               ; 1           ;
;                            ;             ;
; Usage by Processor         ; % Time Used ;
;     Processor 1            ; 100.0%      ;
+----------------------------+-------------+


+-------------------------------+
; Analysis & Synthesis Messages ;
+-------------------------------+
Info: *******************************************************************
Info: Running Quartus Prime Analysis & Synthesis
    Info: Version 24.1std.0 Build 1077 03/04/2025 SC Lite Edition
    Info: Processing started: Wed Feb 11 12:13:59 2026
Info: Command: quartus_map --read_settings_files=on --write_settings_files=off DLX -c DLX
Warning (18236): Number of processors has not been specified which may cause overloading on shared machines.  Set the global assignment NUM_PARALLEL_PROCESSORS in your QSF to an appropriate value for best performance.
Info (20030): Parallel compilation is enabled and will use 8 of the 8 processors detected
Info (12021): Found 1 design units, including 1 entities, in source file dlx.v
    Info (12023): Found entity 1: DLX File: C:/Users/Amaya Francom/Documents/advanced-class/ECE_6740/Lab5Execute/DLX.v Line: 6
Info (12021): Found 2 design units, including 1 entities, in source file zeros.vhd
    Info (12022): Found design unit 1: Zeros-Behavioral File: C:/Users/Amaya Francom/Documents/advanced-class/ECE_6740/Lab5Execute/Zeros.vhd Line: 22
    Info (12023): Found entity 1: Zeros File: C:/Users/Amaya Francom/Documents/advanced-class/ECE_6740/Lab5Execute/Zeros.vhd Line: 7
Info (12021): Found 2 design units, including 1 entities, in source file pc_mux.vhd
    Info (12022): Found design unit 1: execute-behavioral File: C:/Users/Amaya Francom/Documents/advanced-class/ECE_6740/Lab5Execute/PC_mux.vhd Line: 18
    Info (12023): Found entity 1: PC_mux File: C:/Users/Amaya Francom/Documents/advanced-class/ECE_6740/Lab5Execute/PC_mux.vhd Line: 6
Info (12021): Found 2 design units, including 1 entities, in source file imm_mux.vhd
    Info (12022): Found design unit 1: imm_mux-behavioral File: C:/Users/Amaya Francom/Documents/advanced-class/ECE_6740/Lab5Execute/imm_mux.vhd Line: 18
    Info (12023): Found entity 1: imm_mux File: C:/Users/Amaya Francom/Documents/advanced-class/ECE_6740/Lab5Execute/imm_mux.vhd Line: 6
Critical Warning (12048): Ignored duplicate design unit "execute-behavioral" in file PC_mux.vhd File: C:/Users/Amaya Francom/Documents/advanced-class/ECE_6740/Lab5Execute/PC_mux.vhd Line: 18
Info (12021): Found 2 design units, including 1 entities, in source file execute.vhd
    Info (12022): Found design unit 1: execute-Behavioral File: C:/Users/Amaya Francom/Documents/advanced-class/ECE_6740/Lab5Execute/Execute.vhd Line: 24
    Info (12023): Found entity 1: execute File: C:/Users/Amaya Francom/Documents/advanced-class/ECE_6740/Lab5Execute/Execute.vhd Line: 6
Info (12021): Found 2 design units, including 1 entities, in source file dlx_ex1_tb.vhd
    Info (12022): Found design unit 1: DLX_ex1_tb-test File: C:/Users/Amaya Francom/Documents/advanced-class/ECE_6740/Lab5Execute/DLX_ex1_tb.vhd Line: 9
    Info (12023): Found entity 1: DLX_ex1_tb File: C:/Users/Amaya Francom/Documents/advanced-class/ECE_6740/Lab5Execute/DLX_ex1_tb.vhd Line: 6
Info (12021): Found 2 design units, including 1 entities, in source file alu_1.vhd
    Info (12022): Found design unit 1: ALU_1-Behavioral File: C:/Users/Amaya Francom/Documents/advanced-class/ECE_6740/Lab5Execute/ALU_1.vhd Line: 20
    Info (12023): Found entity 1: ALU_1 File: C:/Users/Amaya Francom/Documents/advanced-class/ECE_6740/Lab5Execute/ALU_1.vhd Line: 6
Info (12021): Found 2 design units, including 1 entities, in source file alu.vhd
    Info (12022): Found design unit 1: ALU-Behavioral File: C:/Users/Amaya Francom/Documents/advanced-class/ECE_6740/Lab5Execute/ALU.vhd Line: 21
    Info (12023): Found entity 1: ALU File: C:/Users/Amaya Francom/Documents/advanced-class/ECE_6740/Lab5Execute/ALU.vhd Line: 6
Info (12021): Found 2 design units, including 1 entities, in source file sign_extend.vhd
    Info (12022): Found design unit 1: sign_extend-Behavioral File: C:/Users/Amaya Francom/Documents/advanced-class/ECE_6740/Lab5Execute/sign_extend.vhd Line: 17
    Info (12023): Found entity 1: sign_extend File: C:/Users/Amaya Francom/Documents/advanced-class/ECE_6740/Lab5Execute/sign_extend.vhd Line: 6
Info (12021): Found 2 design units, including 1 entities, in source file registers.vhd
    Info (12022): Found design unit 1: registers-rtl File: C:/Users/Amaya Francom/Documents/advanced-class/ECE_6740/Lab5Execute/registers.vhd Line: 19
    Info (12023): Found entity 1: registers File: C:/Users/Amaya Francom/Documents/advanced-class/ECE_6740/Lab5Execute/registers.vhd Line: 6
Info (12021): Found 2 design units, including 0 entities, in source file opcode_package.vhd
    Info (12022): Found design unit 1: opcode_package File: C:/Users/Amaya Francom/Documents/advanced-class/ECE_6740/Lab5Execute/OPCODE_PACKAGE.vhd Line: 5
    Info (12022): Found design unit 2: opcode_package-body File: C:/Users/Amaya Francom/Documents/advanced-class/ECE_6740/Lab5Execute/OPCODE_PACKAGE.vhd Line: 92
Info (12021): Found 2 design units, including 1 entities, in source file fetch.vhd
    Info (12022): Found design unit 1: fetch-Behavioral File: C:/Users/Amaya Francom/Documents/advanced-class/ECE_6740/Lab5Execute/fetch.vhd Line: 19
    Info (12023): Found entity 1: fetch File: C:/Users/Amaya Francom/Documents/advanced-class/ECE_6740/Lab5Execute/fetch.vhd Line: 6
Info (12021): Found 2 design units, including 1 entities, in source file dlx_tb.vhd
    Info (12022): Found design unit 1: DLX_tb-test File: C:/Users/Amaya Francom/Documents/advanced-class/ECE_6740/Lab5Execute/DLX_tb.vhd Line: 9
    Info (12023): Found entity 1: DLX_tb File: C:/Users/Amaya Francom/Documents/advanced-class/ECE_6740/Lab5Execute/DLX_tb.vhd Line: 6
Error (12049): Can't compile duplicate declarations of entity "DLX" into library "work" File: C:/Users/Amaya Francom/Documents/advanced-class/ECE_6740/Lab5Execute/DLX.vhd Line: 6
    Error (12180): Instance could be entity "DLX" in file DLX.v compiled in library work File: C:/Users/Amaya Francom/Documents/advanced-class/ECE_6740/Lab5Execute/DLX.v Line: 6
    Error (12180): Instance could be entity "DLX" in file DLX.vhd compiled in library work File: C:/Users/Amaya Francom/Documents/advanced-class/ECE_6740/Lab5Execute/DLX.vhd Line: 6
Info (12021): Found 2 design units, including 1 entities, in source file dlx.vhd
    Info (12022): Found design unit 1: DLX-Behavioral File: C:/Users/Amaya Francom/Documents/advanced-class/ECE_6740/Lab5Execute/DLX.vhd Line: 20
Info (12021): Found 2 design units, including 1 entities, in source file decode.vhd
    Info (12022): Found design unit 1: decode-Behavioral File: C:/Users/Amaya Francom/Documents/advanced-class/ECE_6740/Lab5Execute/Decode.vhd Line: 21
    Info (12023): Found entity 1: decode File: C:/Users/Amaya Francom/Documents/advanced-class/ECE_6740/Lab5Execute/Decode.vhd Line: 6
Info (12021): Found 2 design units, including 1 entities, in source file my_rom.vhd
    Info (12022): Found design unit 1: my_rom-SYN File: C:/Users/Amaya Francom/Documents/advanced-class/ECE_6740/Lab5Execute/my_ROM.vhd Line: 53
    Info (12023): Found entity 1: my_ROM File: C:/Users/Amaya Francom/Documents/advanced-class/ECE_6740/Lab5Execute/my_ROM.vhd Line: 43
Error: Quartus Prime Analysis & Synthesis was unsuccessful. 3 errors, 2 warnings
    Error: Peak virtual memory: 4805 megabytes
    Error: Processing ended: Wed Feb 11 12:14:06 2026
    Error: Elapsed time: 00:00:07
    Error: Total CPU time (on all processors): 00:00:13


