Analysis & Synthesis report for DLX
Wed Mar 18 15:47:53 2026
Quartus Prime Version 24.1std.0 Build 1077 03/04/2025 SC Lite Edition


---------------------
; Table of Contents ;
---------------------
  1. Legal Notice
  2. Analysis & Synthesis Summary
  3. Analysis & Synthesis Settings
  4. Parallel Compilation
  5. Analysis & Synthesis Messages



----------------
; Legal Notice ;
----------------
Copyright (C) 2025  Altera Corporation. All rights reserved.
Your use of Altera Corporation's design tools, logic functions 
and other software and tools, and any partner logic 
functions, and any output files from any of the foregoing 
(including device programming or simulation files), and any 
associated documentation or information are expressly subject 
to the terms and conditions of the Altera Program License 
Subscription Agreement, the Altera Quartus Prime License Agreement,
the Altera IP License Agreement, or other applicable license
agreement, including, without limitation, that your use is for
the sole purpose of programming logic devices manufactured by
Altera and sold by Altera or its authorized distributors.  Please
refer to the Altera Software License Subscription Agreements 
on the Quartus Prime software download page.



+--------------------------------------------------------------------------------------+
; Analysis & Synthesis Summary                                                         ;
+------------------------------------+-------------------------------------------------+
; Analysis & Synthesis Status        ; Failed - Wed Mar 18 15:47:53 2026               ;
; Quartus Prime Version              ; 24.1std.0 Build 1077 03/04/2025 SC Lite Edition ;
; Revision Name                      ; DLX                                             ;
; Top-level Entity Name              ; DLX                                             ;
; Family                             ; MAX 10                                          ;
; Total logic elements               ; N/A until Partition Merge                       ;
;     Total combinational functions  ; N/A until Partition Merge                       ;
;     Dedicated logic registers      ; N/A until Partition Merge                       ;
; Total registers                    ; N/A until Partition Merge                       ;
; Total pins                         ; N/A until Partition Merge                       ;
; Total virtual pins                 ; N/A until Partition Merge                       ;
; Total memory bits                  ; N/A until Partition Merge                       ;
; Embedded Multiplier 9-bit elements ; N/A until Partition Merge                       ;
; Total PLLs                         ; N/A until Partition Merge                       ;
; UFM blocks                         ; N/A until Partition Merge                       ;
; ADC blocks                         ; N/A until Partition Merge                       ;
+------------------------------------+-------------------------------------------------+


+------------------------------------------------------------------------------------------------------------+
; Analysis & Synthesis Settings                                                                              ;
+------------------------------------------------------------------+--------------------+--------------------+
; Option                                                           ; Setting            ; Default Value      ;
+------------------------------------------------------------------+--------------------+--------------------+
; Device                                                           ; 10M50DAF484C7G     ;                    ;
; Top-level entity name                                            ; DLX                ; DLX                ;
; Family name                                                      ; MAX 10 FPGA        ; Cyclone V          ;
; Use smart compilation                                            ; Off                ; Off                ;
; Enable parallel Assembler and Timing Analyzer during compilation ; On                 ; On                 ;
; Enable compact report table                                      ; Off                ; Off                ;
; Restructure Multiplexers                                         ; Auto               ; Auto               ;
; Create Debugging Nodes for IP Cores                              ; Off                ; Off                ;
; Preserve fewer node names                                        ; On                 ; On                 ;
; Intel FPGA IP Evaluation Mode                                    ; Enable             ; Enable             ;
; Verilog Version                                                  ; Verilog_2001       ; Verilog_2001       ;
; VHDL Version                                                     ; VHDL_1993          ; VHDL_1993          ;
; State Machine Processing                                         ; Auto               ; Auto               ;
; Safe State Machine                                               ; Off                ; Off                ;
; Extract Verilog State Machines                                   ; On                 ; On                 ;
; Extract VHDL State Machines                                      ; On                 ; On                 ;
; Ignore Verilog initial constructs                                ; Off                ; Off                ;
; Iteration limit for constant Verilog loops                       ; 5000               ; 5000               ;
; Iteration limit for non-constant Verilog loops                   ; 250                ; 250                ;
; Add Pass-Through Logic to Inferred RAMs                          ; On                 ; On                 ;
; Infer RAMs from Raw Logic                                        ; On                 ; On                 ;
; Parallel Synthesis                                               ; On                 ; On                 ;
; DSP Block Balancing                                              ; Auto               ; Auto               ;
; NOT Gate Push-Back                                               ; On                 ; On                 ;
; Power-Up Don't Care                                              ; On                 ; On                 ;
; Remove Redundant Logic Cells                                     ; Off                ; Off                ;
; Remove Duplicate Registers                                       ; On                 ; On                 ;
; Ignore CARRY Buffers                                             ; Off                ; Off                ;
; Ignore CASCADE Buffers                                           ; Off                ; Off                ;
; Ignore GLOBAL Buffers                                            ; Off                ; Off                ;
; Ignore ROW GLOBAL Buffers                                        ; Off                ; Off                ;
; Ignore LCELL Buffers                                             ; Off                ; Off                ;
; Ignore SOFT Buffers                                              ; On                 ; On                 ;
; Limit AHDL Integers to 32 Bits                                   ; Off                ; Off                ;
; Optimization Technique                                           ; Balanced           ; Balanced           ;
; Carry Chain Length                                               ; 70                 ; 70                 ;
; Auto Carry Chains                                                ; On                 ; On                 ;
; Auto Open-Drain Pins                                             ; On                 ; On                 ;
; Perform WYSIWYG Primitive Resynthesis                            ; Off                ; Off                ;
; Auto ROM Replacement                                             ; On                 ; On                 ;
; Auto RAM Replacement                                             ; On                 ; On                 ;
; Auto DSP Block Replacement                                       ; On                 ; On                 ;
; Auto Shift Register Replacement                                  ; Auto               ; Auto               ;
; Allow Shift Register Merging across Hierarchies                  ; Auto               ; Auto               ;
; Auto Clock Enable Replacement                                    ; On                 ; On                 ;
; Strict RAM Replacement                                           ; Off                ; Off                ;
; Allow Synchronous Control Signals                                ; On                 ; On                 ;
; Force Use of Synchronous Clear Signals                           ; Off                ; Off                ;
; Auto RAM Block Balancing                                         ; On                 ; On                 ;
; Auto RAM to Logic Cell Conversion                                ; Off                ; Off                ;
; Auto Resource Sharing                                            ; Off                ; Off                ;
; Allow Any RAM Size For Recognition                               ; Off                ; Off                ;
; Allow Any ROM Size For Recognition                               ; Off                ; Off                ;
; Allow Any Shift Register Size For Recognition                    ; Off                ; Off                ;
; Use LogicLock Constraints during Resource Balancing              ; On                 ; On                 ;
; Ignore translate_off and synthesis_off directives                ; Off                ; Off                ;
; Timing-Driven Synthesis                                          ; On                 ; On                 ;
; Report Parameter Settings                                        ; On                 ; On                 ;
; Report Source Assignments                                        ; On                 ; On                 ;
; Report Connectivity Checks                                       ; On                 ; On                 ;
; Ignore Maximum Fan-Out Assignments                               ; Off                ; Off                ;
; Synchronization Register Chain Length                            ; 2                  ; 2                  ;
; Power Optimization During Synthesis                              ; Normal compilation ; Normal compilation ;
; HDL message level                                                ; Level2             ; Level2             ;
; Suppress Register Optimization Related Messages                  ; Off                ; Off                ;
; Number of Removed Registers Reported in Synthesis Report         ; 5000               ; 5000               ;
; Number of Swept Nodes Reported in Synthesis Report               ; 5000               ; 5000               ;
; Number of Inverted Registers Reported in Synthesis Report        ; 100                ; 100                ;
; Clock MUX Protection                                             ; On                 ; On                 ;
; Auto Gated Clock Conversion                                      ; Off                ; Off                ;
; Block Design Naming                                              ; Auto               ; Auto               ;
; SDC constraint protection                                        ; Off                ; Off                ;
; Synthesis Effort                                                 ; Auto               ; Auto               ;
; Shift Register Replacement - Allow Asynchronous Clear Signal     ; On                 ; On                 ;
; Pre-Mapping Resynthesis Optimization                             ; Off                ; Off                ;
; Analysis & Synthesis Message Level                               ; Medium             ; Medium             ;
; Disable Register Merging Across Hierarchies                      ; Auto               ; Auto               ;
; Resource Aware Inference For Block RAM                           ; On                 ; On                 ;
+------------------------------------------------------------------+--------------------+--------------------+


+------------------------------------------+
; Parallel Compilation                     ;
+----------------------------+-------------+
; Processors                 ; Number      ;
+----------------------------+-------------+
; Number detected on machine ; 8           ;
; Maximum allowed            ; 8           ;
;                            ;             ;
; Average used               ; 1.00        ;
; Maximum used               ; 1           ;
;                            ;             ;
; Usage by Processor         ; % Time Used ;
;     Processor 1            ; 100.0%      ;
+----------------------------+-------------+


+-------------------------------+
; Analysis & Synthesis Messages ;
+-------------------------------+
Info: *******************************************************************
Info: Running Quartus Prime Analysis & Synthesis
    Info: Version 24.1std.0 Build 1077 03/04/2025 SC Lite Edition
    Info: Processing started: Wed Mar 18 15:47:46 2026
Info: Command: quartus_map --read_settings_files=on --write_settings_files=off DLX -c DLX
Warning (18236): Number of processors has not been specified which may cause overloading on shared machines.  Set the global assignment NUM_PARALLEL_PROCESSORS in your QSF to an appropriate value for best performance.
Info (20030): Parallel compilation is enabled and will use 8 of the 8 processors detected
Warning (12019): Can't analyze file -- file uart_recv_tb.vhd is missing
Info (12021): Found 2 design units, including 1 entities, in source file my_fifo.vhd
    Info (12022): Found design unit 1: my_fifo-SYN File: C:/Users/Amaya Francom/Documents/advanced-class/ECE_6740/Lab8/my_fifo.vhd Line: 58
    Info (12023): Found entity 1: my_fifo File: C:/Users/Amaya Francom/Documents/advanced-class/ECE_6740/Lab8/my_fifo.vhd Line: 43
Info (12021): Found 2 design units, including 1 entities, in source file pll.vhd
    Info (12022): Found design unit 1: pll-SYN File: C:/Users/Amaya Francom/Documents/advanced-class/ECE_6740/Lab8/pll.vhd Line: 55
    Info (12023): Found entity 1: pll File: C:/Users/Amaya Francom/Documents/advanced-class/ECE_6740/Lab8/pll.vhd Line: 43
Info (12021): Found 2 design units, including 1 entities, in source file characterconvertor.vhd
    Info (12022): Found design unit 1: CharacterConvertor-Behavioral File: C:/Users/Amaya Francom/Documents/advanced-class/ECE_6740/Lab8/CharacterConvertor.vhd Line: 14
    Info (12023): Found entity 1: CharacterConvertor File: C:/Users/Amaya Francom/Documents/advanced-class/ECE_6740/Lab8/CharacterConvertor.vhd Line: 6
Info (12021): Found 2 design units, including 1 entities, in source file lab1uart.vhd
    Info (12022): Found design unit 1: Lab1UART-Behavioral File: C:/Users/Amaya Francom/Documents/advanced-class/ECE_6740/Lab8/Lab1UART.vhd Line: 29
    Info (12023): Found entity 1: Lab1UART File: C:/Users/Amaya Francom/Documents/advanced-class/ECE_6740/Lab8/Lab1UART.vhd Line: 6
Info (12021): Found 2 design units, including 1 entities, in source file uart_recv.vhd
    Info (12022): Found design unit 1: uart_recv-Behavioral File: C:/Users/Amaya Francom/Documents/advanced-class/ECE_6740/Lab8/uart_recv.vhd Line: 18
    Info (12023): Found entity 1: uart_recv File: C:/Users/Amaya Francom/Documents/advanced-class/ECE_6740/Lab8/uart_recv.vhd Line: 6
Info (12021): Found 2 design units, including 1 entities, in source file uart_trans.vhd
    Info (12022): Found design unit 1: UART_trans-Behavioral File: C:/Users/Amaya Francom/Documents/advanced-class/ECE_6740/Lab8/UART_trans.vhd Line: 20
    Info (12023): Found entity 1: UART_trans File: C:/Users/Amaya Francom/Documents/advanced-class/ECE_6740/Lab8/UART_trans.vhd Line: 6
Info (12021): Found 2 design units, including 1 entities, in source file uartsampler.vhd
    Info (12022): Found design unit 1: UARTSampler-Behavioral File: C:/Users/Amaya Francom/Documents/advanced-class/ECE_6740/Lab8/UARTSampler.vhd Line: 20
    Info (12023): Found entity 1: UARTSampler File: C:/Users/Amaya Francom/Documents/advanced-class/ECE_6740/Lab8/UARTSampler.vhd Line: 6
Info (12021): Found 2 design units, including 1 entities, in source file branch_guess.vhd
    Info (12022): Found design unit 1: Branch_guess-Behavioral File: C:/Users/Amaya Francom/Documents/advanced-class/ECE_6740/Lab8/Branch_guess.vhd Line: 21
    Info (12023): Found entity 1: Branch_guess File: C:/Users/Amaya Francom/Documents/advanced-class/ECE_6740/Lab8/Branch_guess.vhd Line: 7
Info (12021): Found 2 design units, including 1 entities, in source file overseer.vhd
    Info (12022): Found design unit 1: OVERSEER-BEHAVIORAL File: C:/Users/Amaya Francom/Documents/advanced-class/ECE_6740/Lab8/Overseer.vhd Line: 28
    Info (12023): Found entity 1: OVERSEER File: C:/Users/Amaya Francom/Documents/advanced-class/ECE_6740/Lab8/Overseer.vhd Line: 6
Info (12021): Found 2 design units, including 1 entities, in source file write_back.vhd
    Info (12022): Found design unit 1: write_back-Behavioral File: C:/Users/Amaya Francom/Documents/advanced-class/ECE_6740/Lab8/write_back.vhd Line: 20
    Info (12023): Found entity 1: write_back File: C:/Users/Amaya Francom/Documents/advanced-class/ECE_6740/Lab8/write_back.vhd Line: 6
Info (12021): Found 2 design units, including 1 entities, in source file memory.vhd
    Info (12022): Found design unit 1: memory-Behavioral File: C:/Users/Amaya Francom/Documents/advanced-class/ECE_6740/Lab8/memory.vhd Line: 25
    Info (12023): Found entity 1: memory File: C:/Users/Amaya Francom/Documents/advanced-class/ECE_6740/Lab8/memory.vhd Line: 6
Info (12021): Found 2 design units, including 1 entities, in source file zeros.vhd
    Info (12022): Found design unit 1: Zeros-Behavioral File: C:/Users/Amaya Francom/Documents/advanced-class/ECE_6740/Lab8/Zeros.vhd Line: 22
    Info (12023): Found entity 1: Zeros File: C:/Users/Amaya Francom/Documents/advanced-class/ECE_6740/Lab8/Zeros.vhd Line: 7
Info (12021): Found 2 design units, including 1 entities, in source file pc_mux.vhd
    Info (12022): Found design unit 1: PC_mux-behavioral File: C:/Users/Amaya Francom/Documents/advanced-class/ECE_6740/Lab8/PC_mux.vhd Line: 30
    Info (12023): Found entity 1: PC_mux File: C:/Users/Amaya Francom/Documents/advanced-class/ECE_6740/Lab8/PC_mux.vhd Line: 6
Info (12021): Found 2 design units, including 1 entities, in source file imm_mux.vhd
    Info (12022): Found design unit 1: imm_mux-behavioral File: C:/Users/Amaya Francom/Documents/advanced-class/ECE_6740/Lab8/imm_mux.vhd Line: 29
    Info (12023): Found entity 1: imm_mux File: C:/Users/Amaya Francom/Documents/advanced-class/ECE_6740/Lab8/imm_mux.vhd Line: 6
Info (12021): Found 2 design units, including 1 entities, in source file execute.vhd
    Info (12022): Found design unit 1: execute-Behavioral File: C:/Users/Amaya Francom/Documents/advanced-class/ECE_6740/Lab8/Execute.vhd Line: 32
    Info (12023): Found entity 1: execute File: C:/Users/Amaya Francom/Documents/advanced-class/ECE_6740/Lab8/Execute.vhd Line: 6
Warning (12019): Can't analyze file -- file ALU_1.vhd is missing
Info (12021): Found 2 design units, including 1 entities, in source file alu.vhd
    Info (12022): Found design unit 1: ALU-Behavioral File: C:/Users/Amaya Francom/Documents/advanced-class/ECE_6740/Lab8/ALU.vhd Line: 20
    Info (12023): Found entity 1: ALU File: C:/Users/Amaya Francom/Documents/advanced-class/ECE_6740/Lab8/ALU.vhd Line: 6
Info (12021): Found 2 design units, including 1 entities, in source file sign_extend.vhd
    Info (12022): Found design unit 1: sign_extend-Behavioral File: C:/Users/Amaya Francom/Documents/advanced-class/ECE_6740/Lab8/sign_extend.vhd Line: 17
    Info (12023): Found entity 1: sign_extend File: C:/Users/Amaya Francom/Documents/advanced-class/ECE_6740/Lab8/sign_extend.vhd Line: 6
Info (12021): Found 2 design units, including 1 entities, in source file registers.vhd
    Info (12022): Found design unit 1: registers-rtl File: C:/Users/Amaya Francom/Documents/advanced-class/ECE_6740/Lab8/registers.vhd Line: 19
    Info (12023): Found entity 1: registers File: C:/Users/Amaya Francom/Documents/advanced-class/ECE_6740/Lab8/registers.vhd Line: 6
Info (12021): Found 2 design units, including 0 entities, in source file opcode_package.vhd
    Info (12022): Found design unit 1: opcode_package File: C:/Users/Amaya Francom/Documents/advanced-class/ECE_6740/Lab8/OPCODE_PACKAGE.vhd Line: 5
    Info (12022): Found design unit 2: opcode_package-body File: C:/Users/Amaya Francom/Documents/advanced-class/ECE_6740/Lab8/OPCODE_PACKAGE.vhd Line: 99
Info (12021): Found 2 design units, including 1 entities, in source file fetch.vhd
    Info (12022): Found design unit 1: fetch-Behavioral File: C:/Users/Amaya Francom/Documents/advanced-class/ECE_6740/Lab8/fetch.vhd Line: 23
    Info (12023): Found entity 1: fetch File: C:/Users/Amaya Francom/Documents/advanced-class/ECE_6740/Lab8/fetch.vhd Line: 6
Info (12021): Found 2 design units, including 1 entities, in source file dlx.vhd
    Info (12022): Found design unit 1: DLX-Behavioral File: C:/Users/Amaya Francom/Documents/advanced-class/ECE_6740/Lab8/DLX.vhd Line: 28
    Info (12023): Found entity 1: DLX File: C:/Users/Amaya Francom/Documents/advanced-class/ECE_6740/Lab8/DLX.vhd Line: 6
Info (12021): Found 2 design units, including 1 entities, in source file decode.vhd
    Info (12022): Found design unit 1: decode-Behavioral File: C:/Users/Amaya Francom/Documents/advanced-class/ECE_6740/Lab8/Decode.vhd Line: 30
    Info (12023): Found entity 1: decode File: C:/Users/Amaya Francom/Documents/advanced-class/ECE_6740/Lab8/Decode.vhd Line: 6
Info (12021): Found 2 design units, including 1 entities, in source file my_rom.vhd
    Info (12022): Found design unit 1: my_rom-SYN File: C:/Users/Amaya Francom/Documents/advanced-class/ECE_6740/Lab8/my_ROM.vhd Line: 53
    Info (12023): Found entity 1: my_ROM File: C:/Users/Amaya Francom/Documents/advanced-class/ECE_6740/Lab8/my_ROM.vhd Line: 43
Info (12021): Found 2 design units, including 1 entities, in source file my_ram.vhd
    Info (12022): Found design unit 1: my_ram-SYN File: C:/Users/Amaya Francom/Documents/advanced-class/ECE_6740/Lab8/my_ram.vhd Line: 55
    Info (12023): Found entity 1: my_ram File: C:/Users/Amaya Francom/Documents/advanced-class/ECE_6740/Lab8/my_ram.vhd Line: 43
Info (12021): Found 2 design units, including 1 entities, in source file my_div.vhd
    Info (12022): Found design unit 1: my_div-SYN File: C:/Users/Amaya Francom/Documents/advanced-class/ECE_6740/Lab8/my_div.vhd Line: 55
    Info (12023): Found entity 1: my_div File: C:/Users/Amaya Francom/Documents/advanced-class/ECE_6740/Lab8/my_div.vhd Line: 43
Info (12021): Found 2 design units, including 1 entities, in source file fifo_word.vhd
    Info (12022): Found design unit 1: fifo_word-SYN File: C:/Users/Amaya Francom/Documents/advanced-class/ECE_6740/Lab8/fifo_word.vhd Line: 59
    Info (12023): Found entity 1: fifo_word File: C:/Users/Amaya Francom/Documents/advanced-class/ECE_6740/Lab8/fifo_word.vhd Line: 43
Info (12021): Found 2 design units, including 1 entities, in source file fifo_char.vhd
    Info (12022): Found design unit 1: fifo_char-SYN File: C:/Users/Amaya Francom/Documents/advanced-class/ECE_6740/Lab8/fifo_char.vhd Line: 59
    Info (12023): Found entity 1: fifo_char File: C:/Users/Amaya Francom/Documents/advanced-class/ECE_6740/Lab8/fifo_char.vhd Line: 43
Info (12021): Found 2 design units, including 1 entities, in source file diva.vhd
    Info (12022): Found design unit 1: diva-SYN File: C:/Users/Amaya Francom/Documents/advanced-class/ECE_6740/Lab8/diva.vhd Line: 55
    Info (12023): Found entity 1: diva File: C:/Users/Amaya Francom/Documents/advanced-class/ECE_6740/Lab8/diva.vhd Line: 43
Info (12021): Found 2 design units, including 1 entities, in source file print_fsm.vhd
    Info (12022): Found design unit 1: print_FSM-Behavioral File: C:/Users/Amaya Francom/Documents/advanced-class/ECE_6740/Lab8/print_FSM.vhd Line: 24
    Info (12023): Found entity 1: print_FSM File: C:/Users/Amaya Francom/Documents/advanced-class/ECE_6740/Lab8/print_FSM.vhd Line: 8
Error (10437): VHDL Association List error at DLX.vhd(204): positional associations must be listed before named associations File: C:/Users/Amaya Francom/Documents/advanced-class/ECE_6740/Lab8/DLX.vhd Line: 204
Error: Quartus Prime Analysis & Synthesis was unsuccessful. 1 error, 3 warnings
    Error: Peak virtual memory: 4814 megabytes
    Error: Processing ended: Wed Mar 18 15:47:53 2026
    Error: Elapsed time: 00:00:07
    Error: Total CPU time (on all processors): 00:00:13


