Analysis & Synthesis report for DLX
Thu Feb 12 19:43:13 2026
Quartus Prime Version 24.1std.0 Build 1077 03/04/2025 SC Lite Edition


---------------------
; Table of Contents ;
---------------------
  1. Legal Notice
  2. Analysis & Synthesis Summary
  3. Analysis & Synthesis Settings
  4. Parallel Compilation
  5. Analysis & Synthesis Source Files Read
  6. Analysis & Synthesis Resource Usage Summary
  7. Analysis & Synthesis Resource Utilization by Entity
  8. Analysis & Synthesis IP Cores Summary
  9. Registers Removed During Synthesis
 10. Removed Registers Triggering Further Register Optimizations
 11. General Register Statistics
 12. Source assignments for fetch:FETCH|my_ROM:U1|altsyncram:altsyncram_component|altsyncram_d5s3:auto_generated
 13. Parameter Settings for User Entity Instance: fetch:FETCH|my_ROM:U1|altsyncram:altsyncram_component
 14. altsyncram Parameter Settings by Entity Instance
 15. Port Connectivity Checks: "execute:EXECUTE|ALU:ALU"
 16. Port Connectivity Checks: "execute:EXECUTE"
 17. Post-Synthesis Netlist Statistics for Top Partition
 18. Elapsed Time Per Partition
 19. Analysis & Synthesis Messages



----------------
; Legal Notice ;
----------------
Copyright (C) 2025  Altera Corporation. All rights reserved.
Your use of Altera Corporation's design tools, logic functions 
and other software and tools, and any partner logic 
functions, and any output files from any of the foregoing 
(including device programming or simulation files), and any 
associated documentation or information are expressly subject 
to the terms and conditions of the Altera Program License 
Subscription Agreement, the Altera Quartus Prime License Agreement,
the Altera IP License Agreement, or other applicable license
agreement, including, without limitation, that your use is for
the sole purpose of programming logic devices manufactured by
Altera and sold by Altera or its authorized distributors.  Please
refer to the Altera Software License Subscription Agreements 
on the Quartus Prime software download page.



+--------------------------------------------------------------------------------------+
; Analysis & Synthesis Summary                                                         ;
+------------------------------------+-------------------------------------------------+
; Analysis & Synthesis Status        ; Successful - Thu Feb 12 19:43:13 2026           ;
; Quartus Prime Version              ; 24.1std.0 Build 1077 03/04/2025 SC Lite Edition ;
; Revision Name                      ; DLX                                             ;
; Top-level Entity Name              ; DLX                                             ;
; Family                             ; MAX 10                                          ;
; Total logic elements               ; 0                                               ;
;     Total combinational functions  ; 0                                               ;
;     Dedicated logic registers      ; 0                                               ;
; Total registers                    ; 0                                               ;
; Total pins                         ; 40                                              ;
; Total virtual pins                 ; 0                                               ;
; Total memory bits                  ; 0                                               ;
; Embedded Multiplier 9-bit elements ; 0                                               ;
; Total PLLs                         ; 0                                               ;
; UFM blocks                         ; 0                                               ;
; ADC blocks                         ; 0                                               ;
+------------------------------------+-------------------------------------------------+


+------------------------------------------------------------------------------------------------------------+
; Analysis & Synthesis Settings                                                                              ;
+------------------------------------------------------------------+--------------------+--------------------+
; Option                                                           ; Setting            ; Default Value      ;
+------------------------------------------------------------------+--------------------+--------------------+
; Device                                                           ; 10M50DAF484C7G     ;                    ;
; Top-level entity name                                            ; DLX                ; DLX                ;
; Family name                                                      ; MAX 10 FPGA        ; Cyclone V          ;
; Use smart compilation                                            ; Off                ; Off                ;
; Enable parallel Assembler and Timing Analyzer during compilation ; On                 ; On                 ;
; Enable compact report table                                      ; Off                ; Off                ;
; Restructure Multiplexers                                         ; Auto               ; Auto               ;
; Create Debugging Nodes for IP Cores                              ; Off                ; Off                ;
; Preserve fewer node names                                        ; On                 ; On                 ;
; Intel FPGA IP Evaluation Mode                                    ; Enable             ; Enable             ;
; Verilog Version                                                  ; Verilog_2001       ; Verilog_2001       ;
; VHDL Version                                                     ; VHDL_1993          ; VHDL_1993          ;
; State Machine Processing                                         ; Auto               ; Auto               ;
; Safe State Machine                                               ; Off                ; Off                ;
; Extract Verilog State Machines                                   ; On                 ; On                 ;
; Extract VHDL State Machines                                      ; On                 ; On                 ;
; Ignore Verilog initial constructs                                ; Off                ; Off                ;
; Iteration limit for constant Verilog loops                       ; 5000               ; 5000               ;
; Iteration limit for non-constant Verilog loops                   ; 250                ; 250                ;
; Add Pass-Through Logic to Inferred RAMs                          ; On                 ; On                 ;
; Infer RAMs from Raw Logic                                        ; On                 ; On                 ;
; Parallel Synthesis                                               ; On                 ; On                 ;
; DSP Block Balancing                                              ; Auto               ; Auto               ;
; NOT Gate Push-Back                                               ; On                 ; On                 ;
; Power-Up Don't Care                                              ; On                 ; On                 ;
; Remove Redundant Logic Cells                                     ; Off                ; Off                ;
; Remove Duplicate Registers                                       ; On                 ; On                 ;
; Ignore CARRY Buffers                                             ; Off                ; Off                ;
; Ignore CASCADE Buffers                                           ; Off                ; Off                ;
; Ignore GLOBAL Buffers                                            ; Off                ; Off                ;
; Ignore ROW GLOBAL Buffers                                        ; Off                ; Off                ;
; Ignore LCELL Buffers                                             ; Off                ; Off                ;
; Ignore SOFT Buffers                                              ; On                 ; On                 ;
; Limit AHDL Integers to 32 Bits                                   ; Off                ; Off                ;
; Optimization Technique                                           ; Balanced           ; Balanced           ;
; Carry Chain Length                                               ; 70                 ; 70                 ;
; Auto Carry Chains                                                ; On                 ; On                 ;
; Auto Open-Drain Pins                                             ; On                 ; On                 ;
; Perform WYSIWYG Primitive Resynthesis                            ; Off                ; Off                ;
; Auto ROM Replacement                                             ; On                 ; On                 ;
; Auto RAM Replacement                                             ; On                 ; On                 ;
; Auto DSP Block Replacement                                       ; On                 ; On                 ;
; Auto Shift Register Replacement                                  ; Auto               ; Auto               ;
; Allow Shift Register Merging across Hierarchies                  ; Auto               ; Auto               ;
; Auto Clock Enable Replacement                                    ; On                 ; On                 ;
; Strict RAM Replacement                                           ; Off                ; Off                ;
; Allow Synchronous Control Signals                                ; On                 ; On                 ;
; Force Use of Synchronous Clear Signals                           ; Off                ; Off                ;
; Auto RAM Block Balancing                                         ; On                 ; On                 ;
; Auto RAM to Logic Cell Conversion                                ; Off                ; Off                ;
; Auto Resource Sharing                                            ; Off                ; Off                ;
; Allow Any RAM Size For Recognition                               ; Off                ; Off                ;
; Allow Any ROM Size For Recognition                               ; Off                ; Off                ;
; Allow Any Shift Register Size For Recognition                    ; Off                ; Off                ;
; Use LogicLock Constraints during Resource Balancing              ; On                 ; On                 ;
; Ignore translate_off and synthesis_off directives                ; Off                ; Off                ;
; Timing-Driven Synthesis                                          ; On                 ; On                 ;
; Report Parameter Settings                                        ; On                 ; On                 ;
; Report Source Assignments                                        ; On                 ; On                 ;
; Report Connectivity Checks                                       ; On                 ; On                 ;
; Ignore Maximum Fan-Out Assignments                               ; Off                ; Off                ;
; Synchronization Register Chain Length                            ; 2                  ; 2                  ;
; Power Optimization During Synthesis                              ; Normal compilation ; Normal compilation ;
; HDL message level                                                ; Level2             ; Level2             ;
; Suppress Register Optimization Related Messages                  ; Off                ; Off                ;
; Number of Removed Registers Reported in Synthesis Report         ; 5000               ; 5000               ;
; Number of Swept Nodes Reported in Synthesis Report               ; 5000               ; 5000               ;
; Number of Inverted Registers Reported in Synthesis Report        ; 100                ; 100                ;
; Clock MUX Protection                                             ; On                 ; On                 ;
; Auto Gated Clock Conversion                                      ; Off                ; Off                ;
; Block Design Naming                                              ; Auto               ; Auto               ;
; SDC constraint protection                                        ; Off                ; Off                ;
; Synthesis Effort                                                 ; Auto               ; Auto               ;
; Shift Register Replacement - Allow Asynchronous Clear Signal     ; On                 ; On                 ;
; Pre-Mapping Resynthesis Optimization                             ; Off                ; Off                ;
; Analysis & Synthesis Message Level                               ; Medium             ; Medium             ;
; Disable Register Merging Across Hierarchies                      ; Auto               ; Auto               ;
; Resource Aware Inference For Block RAM                           ; On                 ; On                 ;
+------------------------------------------------------------------+--------------------+--------------------+


+------------------------------------------+
; Parallel Compilation                     ;
+----------------------------+-------------+
; Processors                 ; Number      ;
+----------------------------+-------------+
; Number detected on machine ; 14          ;
; Maximum allowed            ; 14          ;
;                            ;             ;
; Average used               ; 1.00        ;
; Maximum used               ; 1           ;
;                            ;             ;
; Usage by Processor         ; % Time Used ;
;     Processor 1            ; 100.0%      ;
+----------------------------+-------------+


+-------------------------------------------------------------------------------------------------------------------------------------------------------------------------------------------+
; Analysis & Synthesis Source Files Read                                                                                                                                                    ;
+----------------------------------+-----------------+----------------------------------------+-----------------------------------------------------------------------------------+---------+
; File Name with User-Entered Path ; Used in Netlist ; File Type                              ; File Name with Absolute Path                                                      ; Library ;
+----------------------------------+-----------------+----------------------------------------+-----------------------------------------------------------------------------------+---------+
; Zeros.vhd                        ; yes             ; User VHDL File                         ; C:/Users/A02340229/Documents/ECE_6740/ECE_6740/Lab5Execute/Zeros.vhd              ;         ;
; PC_mux.vhd                       ; yes             ; User VHDL File                         ; C:/Users/A02340229/Documents/ECE_6740/ECE_6740/Lab5Execute/PC_mux.vhd             ;         ;
; imm_mux.vhd                      ; yes             ; User VHDL File                         ; C:/Users/A02340229/Documents/ECE_6740/ECE_6740/Lab5Execute/imm_mux.vhd            ;         ;
; Execute.vhd                      ; yes             ; User VHDL File                         ; C:/Users/A02340229/Documents/ECE_6740/ECE_6740/Lab5Execute/Execute.vhd            ;         ;
; ALU.vhd                          ; yes             ; User VHDL File                         ; C:/Users/A02340229/Documents/ECE_6740/ECE_6740/Lab5Execute/ALU.vhd                ;         ;
; sign_extend.vhd                  ; yes             ; User VHDL File                         ; C:/Users/A02340229/Documents/ECE_6740/ECE_6740/Lab5Execute/sign_extend.vhd        ;         ;
; registers.vhd                    ; yes             ; User VHDL File                         ; C:/Users/A02340229/Documents/ECE_6740/ECE_6740/Lab5Execute/registers.vhd          ;         ;
; OPCODE_PACKAGE.vhd               ; yes             ; User VHDL File                         ; C:/Users/A02340229/Documents/ECE_6740/ECE_6740/Lab5Execute/OPCODE_PACKAGE.vhd     ;         ;
; fetch.vhd                        ; yes             ; User VHDL File                         ; C:/Users/A02340229/Documents/ECE_6740/ECE_6740/Lab5Execute/fetch.vhd              ;         ;
; DLX.vhd                          ; yes             ; User VHDL File                         ; C:/Users/A02340229/Documents/ECE_6740/ECE_6740/Lab5Execute/DLX.vhd                ;         ;
; Decode.vhd                       ; yes             ; User VHDL File                         ; C:/Users/A02340229/Documents/ECE_6740/ECE_6740/Lab5Execute/Decode.vhd             ;         ;
; my_ROM.vhd                       ; yes             ; User Wizard-Generated File             ; C:/Users/A02340229/Documents/ECE_6740/ECE_6740/Lab5Execute/my_ROM.vhd             ;         ;
; altsyncram.tdf                   ; yes             ; Megafunction                           ; c:/intelfpga_lite/24.1std/quartus/libraries/megafunctions/altsyncram.tdf          ;         ;
; stratix_ram_block.inc            ; yes             ; Megafunction                           ; c:/intelfpga_lite/24.1std/quartus/libraries/megafunctions/stratix_ram_block.inc   ;         ;
; lpm_mux.inc                      ; yes             ; Megafunction                           ; c:/intelfpga_lite/24.1std/quartus/libraries/megafunctions/lpm_mux.inc             ;         ;
; lpm_decode.inc                   ; yes             ; Megafunction                           ; c:/intelfpga_lite/24.1std/quartus/libraries/megafunctions/lpm_decode.inc          ;         ;
; aglobal241.inc                   ; yes             ; Megafunction                           ; c:/intelfpga_lite/24.1std/quartus/libraries/megafunctions/aglobal241.inc          ;         ;
; a_rdenreg.inc                    ; yes             ; Megafunction                           ; c:/intelfpga_lite/24.1std/quartus/libraries/megafunctions/a_rdenreg.inc           ;         ;
; altrom.inc                       ; yes             ; Megafunction                           ; c:/intelfpga_lite/24.1std/quartus/libraries/megafunctions/altrom.inc              ;         ;
; altram.inc                       ; yes             ; Megafunction                           ; c:/intelfpga_lite/24.1std/quartus/libraries/megafunctions/altram.inc              ;         ;
; altdpram.inc                     ; yes             ; Megafunction                           ; c:/intelfpga_lite/24.1std/quartus/libraries/megafunctions/altdpram.inc            ;         ;
; db/altsyncram_d5s3.tdf           ; yes             ; Auto-Generated Megafunction            ; C:/Users/A02340229/Documents/ECE_6740/ECE_6740/Lab5Execute/db/altsyncram_d5s3.tdf ;         ;
; factorial_code.mif               ; yes             ; Auto-Found Memory Initialization File  ; C:/Users/A02340229/Documents/ECE_6740/ECE_6740/Lab5Execute/factorial_code.mif     ;         ;
+----------------------------------+-----------------+----------------------------------------+-----------------------------------------------------------------------------------+---------+


+-----------------------------------------------------+
; Analysis & Synthesis Resource Usage Summary         ;
+---------------------------------------------+-------+
; Resource                                    ; Usage ;
+---------------------------------------------+-------+
;                                             ;       ;
; Total combinational functions               ; 0     ;
; Logic element usage by number of LUT inputs ;       ;
;     -- 4 input functions                    ; 0     ;
;     -- 3 input functions                    ; 0     ;
;     -- <=2 input functions                  ; 0     ;
;                                             ;       ;
; Logic elements by mode                      ;       ;
;     -- normal mode                          ; 0     ;
;     -- arithmetic mode                      ; 0     ;
;                                             ;       ;
; Total registers                             ; 0     ;
;     -- Dedicated logic registers            ; 0     ;
;     -- I/O registers                        ; 0     ;
;                                             ;       ;
; I/O pins                                    ; 40    ;
;                                             ;       ;
; Embedded Multiplier 9-bit elements          ; 0     ;
;                                             ;       ;
; Maximum fan-out node                        ; rst_l ;
; Maximum fan-out                             ; 1     ;
; Total fan-out                               ; 40    ;
; Average fan-out                             ; 0.50  ;
+---------------------------------------------+-------+


+------------------------------------------------------------------------------------------------------------------------------------------------------------------------------------------------------------------------------------+
; Analysis & Synthesis Resource Utilization by Entity                                                                                                                                                                                ;
+----------------------------+---------------------+---------------------------+-------------+------------+--------------+---------+-----------+------+--------------+------------+---------------------+-------------+--------------+
; Compilation Hierarchy Node ; Combinational ALUTs ; Dedicated Logic Registers ; Memory Bits ; UFM Blocks ; DSP Elements ; DSP 9x9 ; DSP 18x18 ; Pins ; Virtual Pins ; ADC blocks ; Full Hierarchy Name ; Entity Name ; Library Name ;
+----------------------------+---------------------+---------------------------+-------------+------------+--------------+---------+-----------+------+--------------+------------+---------------------+-------------+--------------+
; |DLX                       ; 0 (0)               ; 0 (0)                     ; 0           ; 0          ; 0            ; 0       ; 0         ; 40   ; 0            ; 0          ; |DLX                ; DLX         ; work         ;
+----------------------------+---------------------+---------------------------+-------------+------------+--------------+---------+-----------+------+--------------+------------+---------------------+-------------+--------------+
Note: For table entries with two numbers listed, the numbers in parentheses indicate the number of resources of the given type used by the specific entity alone. The numbers listed outside of parentheses indicate the total resources of the given type used by the specific entity and all of its sub-entities in the hierarchy.


+--------------------------------------------------------------------------------------------------------------+
; Analysis & Synthesis IP Cores Summary                                                                        ;
+--------+--------------+---------+--------------+--------------+----------------------------+-----------------+
; Vendor ; IP Core Name ; Version ; Release Date ; License Type ; Entity Instance            ; IP Include File ;
+--------+--------------+---------+--------------+--------------+----------------------------+-----------------+
; Altera ; ROM: 1-PORT  ; 24.1    ; N/A          ; N/A          ; |DLX|fetch:FETCH|my_ROM:U1 ; my_ROM.vhd      ;
+--------+--------------+---------+--------------+--------------+----------------------------+-----------------+


+----------------------------------------------------------------------+
; Registers Removed During Synthesis                                   ;
+-------------------------------------------------+--------------------+
; Register name                                   ; Reason for Removal ;
+-------------------------------------------------+--------------------+
; execute:EXECUTE|Zeros:ZEROS|sel_jump            ; Lost fanout        ;
; execute:EXECUTE|Zeros:ZEROS|jump_addr[0..9]     ; Lost fanout        ;
; decode:DECODE|instruction_out[26..31]           ; Lost fanout        ;
; decode:DECODE|sign_extend:SE|imm_extended[0..9] ; Lost fanout        ;
; decode:DECODE|registers:R|q_2[0..9]             ; Lost fanout        ;
; decode:DECODE|registers:R|q_1[0..30]            ; Lost fanout        ;
; fetch:FETCH|pc[0..9]                            ; Lost fanout        ;
; Total Number of Removed Registers = 78          ;                    ;
+-------------------------------------------------+--------------------+


+-----------------------------------------------------------------------------------------------------------------------------------------+
; Removed Registers Triggering Further Register Optimizations                                                                             ;
+--------------------------------------+--------------------+-----------------------------------------------------------------------------+
; Register name                        ; Reason for Removal ; Registers Removed due to This Register                                      ;
+--------------------------------------+--------------------+-----------------------------------------------------------------------------+
; execute:EXECUTE|Zeros:ZEROS|sel_jump ; Lost Fanouts       ; decode:DECODE|instruction_out[26], decode:DECODE|instruction_out[27],       ;
;                                      ;                    ; decode:DECODE|instruction_out[28], decode:DECODE|instruction_out[29],       ;
;                                      ;                    ; decode:DECODE|instruction_out[30], decode:DECODE|instruction_out[31],       ;
;                                      ;                    ; decode:DECODE|registers:R|q_1[26], decode:DECODE|registers:R|q_1[27],       ;
;                                      ;                    ; decode:DECODE|registers:R|q_1[28], decode:DECODE|registers:R|q_1[29],       ;
;                                      ;                    ; decode:DECODE|registers:R|q_1[30], fetch:FETCH|pc[6], fetch:FETCH|pc[5],    ;
;                                      ;                    ; fetch:FETCH|pc[4], fetch:FETCH|pc[3], fetch:FETCH|pc[2], fetch:FETCH|pc[1], ;
;                                      ;                    ; fetch:FETCH|pc[0]                                                           ;
+--------------------------------------+--------------------+-----------------------------------------------------------------------------+


+------------------------------------------------------+
; General Register Statistics                          ;
+----------------------------------------------+-------+
; Statistic                                    ; Value ;
+----------------------------------------------+-------+
; Total registers                              ; 0     ;
; Number of registers using Synchronous Clear  ; 0     ;
; Number of registers using Synchronous Load   ; 0     ;
; Number of registers using Asynchronous Clear ; 0     ;
; Number of registers using Asynchronous Load  ; 0     ;
; Number of registers using Clock Enable       ; 0     ;
; Number of registers using Preset             ; 0     ;
+----------------------------------------------+-------+


+-------------------------------------------------------------------------------------------------------------+
; Source assignments for fetch:FETCH|my_ROM:U1|altsyncram:altsyncram_component|altsyncram_d5s3:auto_generated ;
+---------------------------------+--------------------+------+-----------------------------------------------+
; Assignment                      ; Value              ; From ; To                                            ;
+---------------------------------+--------------------+------+-----------------------------------------------+
; OPTIMIZE_POWER_DURING_SYNTHESIS ; NORMAL_COMPILATION ; -    ; -                                             ;
+---------------------------------+--------------------+------+-----------------------------------------------+


+----------------------------------------------------------------------------------------------------+
; Parameter Settings for User Entity Instance: fetch:FETCH|my_ROM:U1|altsyncram:altsyncram_component ;
+------------------------------------+----------------------+----------------------------------------+
; Parameter Name                     ; Value                ; Type                                   ;
+------------------------------------+----------------------+----------------------------------------+
; BYTE_SIZE_BLOCK                    ; 8                    ; Untyped                                ;
; AUTO_CARRY_CHAINS                  ; ON                   ; AUTO_CARRY                             ;
; IGNORE_CARRY_BUFFERS               ; OFF                  ; IGNORE_CARRY                           ;
; AUTO_CASCADE_CHAINS                ; ON                   ; AUTO_CASCADE                           ;
; IGNORE_CASCADE_BUFFERS             ; OFF                  ; IGNORE_CASCADE                         ;
; WIDTH_BYTEENA                      ; 1                    ; Untyped                                ;
; OPERATION_MODE                     ; ROM                  ; Untyped                                ;
; WIDTH_A                            ; 32                   ; Signed Integer                         ;
; WIDTHAD_A                          ; 10                   ; Signed Integer                         ;
; NUMWORDS_A                         ; 1024                 ; Signed Integer                         ;
; OUTDATA_REG_A                      ; UNREGISTERED         ; Untyped                                ;
; ADDRESS_ACLR_A                     ; NONE                 ; Untyped                                ;
; OUTDATA_ACLR_A                     ; NONE                 ; Untyped                                ;
; WRCONTROL_ACLR_A                   ; NONE                 ; Untyped                                ;
; INDATA_ACLR_A                      ; NONE                 ; Untyped                                ;
; BYTEENA_ACLR_A                     ; NONE                 ; Untyped                                ;
; WIDTH_B                            ; 1                    ; Signed Integer                         ;
; WIDTHAD_B                          ; 1                    ; Signed Integer                         ;
; NUMWORDS_B                         ; 0                    ; Signed Integer                         ;
; INDATA_REG_B                       ; CLOCK1               ; Untyped                                ;
; WRCONTROL_WRADDRESS_REG_B          ; CLOCK1               ; Untyped                                ;
; RDCONTROL_REG_B                    ; CLOCK1               ; Untyped                                ;
; ADDRESS_REG_B                      ; CLOCK1               ; Untyped                                ;
; OUTDATA_REG_B                      ; UNREGISTERED         ; Untyped                                ;
; BYTEENA_REG_B                      ; CLOCK1               ; Untyped                                ;
; INDATA_ACLR_B                      ; NONE                 ; Untyped                                ;
; WRCONTROL_ACLR_B                   ; NONE                 ; Untyped                                ;
; ADDRESS_ACLR_B                     ; NONE                 ; Untyped                                ;
; OUTDATA_ACLR_B                     ; NONE                 ; Untyped                                ;
; RDCONTROL_ACLR_B                   ; NONE                 ; Untyped                                ;
; BYTEENA_ACLR_B                     ; NONE                 ; Untyped                                ;
; WIDTH_BYTEENA_A                    ; 1                    ; Signed Integer                         ;
; WIDTH_BYTEENA_B                    ; 1                    ; Signed Integer                         ;
; RAM_BLOCK_TYPE                     ; AUTO                 ; Untyped                                ;
; BYTE_SIZE                          ; 8                    ; Signed Integer                         ;
; READ_DURING_WRITE_MODE_MIXED_PORTS ; DONT_CARE            ; Untyped                                ;
; READ_DURING_WRITE_MODE_PORT_A      ; NEW_DATA_NO_NBE_READ ; Untyped                                ;
; READ_DURING_WRITE_MODE_PORT_B      ; NEW_DATA_NO_NBE_READ ; Untyped                                ;
; INIT_FILE                          ; factorial_code.mif   ; Untyped                                ;
; INIT_FILE_LAYOUT                   ; PORT_A               ; Untyped                                ;
; MAXIMUM_DEPTH                      ; 0                    ; Signed Integer                         ;
; CLOCK_ENABLE_INPUT_A               ; BYPASS               ; Untyped                                ;
; CLOCK_ENABLE_INPUT_B               ; NORMAL               ; Untyped                                ;
; CLOCK_ENABLE_OUTPUT_A              ; BYPASS               ; Untyped                                ;
; CLOCK_ENABLE_OUTPUT_B              ; NORMAL               ; Untyped                                ;
; CLOCK_ENABLE_CORE_A                ; USE_INPUT_CLKEN      ; Untyped                                ;
; CLOCK_ENABLE_CORE_B                ; USE_INPUT_CLKEN      ; Untyped                                ;
; ENABLE_ECC                         ; FALSE                ; Untyped                                ;
; ECC_PIPELINE_STAGE_ENABLED         ; FALSE                ; Untyped                                ;
; WIDTH_ECCSTATUS                    ; 3                    ; Signed Integer                         ;
; DEVICE_FAMILY                      ; MAX 10               ; Untyped                                ;
; CBXI_PARAMETER                     ; altsyncram_d5s3      ; Untyped                                ;
+------------------------------------+----------------------+----------------------------------------+
Note: In order to hide this table in the UI and the text report file, please set the "Show Parameter Settings in Synthesis Report" option in "Analysis and Synthesis Settings -> More Settings" to "Off".


+---------------------------------------------------------------------------------------------------+
; altsyncram Parameter Settings by Entity Instance                                                  ;
+-------------------------------------------+-------------------------------------------------------+
; Name                                      ; Value                                                 ;
+-------------------------------------------+-------------------------------------------------------+
; Number of entity instances                ; 1                                                     ;
; Entity Instance                           ; fetch:FETCH|my_ROM:U1|altsyncram:altsyncram_component ;
;     -- OPERATION_MODE                     ; ROM                                                   ;
;     -- WIDTH_A                            ; 32                                                    ;
;     -- NUMWORDS_A                         ; 1024                                                  ;
;     -- OUTDATA_REG_A                      ; UNREGISTERED                                          ;
;     -- WIDTH_B                            ; 1                                                     ;
;     -- NUMWORDS_B                         ; 0                                                     ;
;     -- ADDRESS_REG_B                      ; CLOCK1                                                ;
;     -- OUTDATA_REG_B                      ; UNREGISTERED                                          ;
;     -- RAM_BLOCK_TYPE                     ; AUTO                                                  ;
;     -- READ_DURING_WRITE_MODE_MIXED_PORTS ; DONT_CARE                                             ;
+-------------------------------------------+-------------------------------------------------------+


+------------------------------------------------------------------------------------------------------------------+
; Port Connectivity Checks: "execute:EXECUTE|ALU:ALU"                                                              ;
+--------+--------+----------+-------------------------------------------------------------------------------------+
; Port   ; Type   ; Severity ; Details                                                                             ;
+--------+--------+----------+-------------------------------------------------------------------------------------+
; ram_we ; Output ; Info     ; Connected to dangling logic. Logic that only feeds a dangling port will be removed. ;
+--------+--------+----------+-------------------------------------------------------------------------------------+


+---------------------------------------------------------------------------------------------------------------------------+
; Port Connectivity Checks: "execute:EXECUTE"                                                                               ;
+-----------------+--------+----------+-------------------------------------------------------------------------------------+
; Port            ; Type   ; Severity ; Details                                                                             ;
+-----------------+--------+----------+-------------------------------------------------------------------------------------+
; instruction_out ; Output ; Info     ; Connected to dangling logic. Logic that only feeds a dangling port will be removed. ;
; alu_result      ; Output ; Info     ; Connected to dangling logic. Logic that only feeds a dangling port will be removed. ;
+-----------------+--------+----------+-------------------------------------------------------------------------------------+


+-----------------------------------------------------+
; Post-Synthesis Netlist Statistics for Top Partition ;
+-------------------+---------------------------------+
; Type              ; Count                           ;
+-------------------+---------------------------------+
; boundary_port     ; 40                              ;
;                   ;                                 ;
; Max LUT depth     ; 0.00                            ;
; Average LUT depth ; 0.00                            ;
+-------------------+---------------------------------+


+-------------------------------+
; Elapsed Time Per Partition    ;
+----------------+--------------+
; Partition Name ; Elapsed Time ;
+----------------+--------------+
; Top            ; 00:00:00     ;
+----------------+--------------+


+-------------------------------+
; Analysis & Synthesis Messages ;
+-------------------------------+
Info: *******************************************************************
Info: Running Quartus Prime Analysis & Synthesis
    Info: Version 24.1std.0 Build 1077 03/04/2025 SC Lite Edition
    Info: Processing started: Thu Feb 12 19:43:07 2026
Info: Command: quartus_map --read_settings_files=on --write_settings_files=off DLX -c DLX
Warning (18236): Number of processors has not been specified which may cause overloading on shared machines.  Set the global assignment NUM_PARALLEL_PROCESSORS in your QSF to an appropriate value for best performance.
Info (20030): Parallel compilation is enabled and will use 14 of the 14 processors detected
Info (12021): Found 2 design units, including 1 entities, in source file zeros.vhd
    Info (12022): Found design unit 1: Zeros-Behavioral File: C:/Users/A02340229/Documents/ECE_6740/ECE_6740/Lab5Execute/Zeros.vhd Line: 22
    Info (12023): Found entity 1: Zeros File: C:/Users/A02340229/Documents/ECE_6740/ECE_6740/Lab5Execute/Zeros.vhd Line: 7
Info (12021): Found 2 design units, including 1 entities, in source file pc_mux.vhd
    Info (12022): Found design unit 1: PC_mux-behavioral File: C:/Users/A02340229/Documents/ECE_6740/ECE_6740/Lab5Execute/PC_mux.vhd Line: 17
    Info (12023): Found entity 1: PC_mux File: C:/Users/A02340229/Documents/ECE_6740/ECE_6740/Lab5Execute/PC_mux.vhd Line: 6
Info (12021): Found 2 design units, including 1 entities, in source file imm_mux.vhd
    Info (12022): Found design unit 1: imm_mux-behavioral File: C:/Users/A02340229/Documents/ECE_6740/ECE_6740/Lab5Execute/imm_mux.vhd Line: 17
    Info (12023): Found entity 1: imm_mux File: C:/Users/A02340229/Documents/ECE_6740/ECE_6740/Lab5Execute/imm_mux.vhd Line: 6
Info (12021): Found 2 design units, including 1 entities, in source file execute.vhd
    Info (12022): Found design unit 1: execute-Behavioral File: C:/Users/A02340229/Documents/ECE_6740/ECE_6740/Lab5Execute/Execute.vhd Line: 27
    Info (12023): Found entity 1: execute File: C:/Users/A02340229/Documents/ECE_6740/ECE_6740/Lab5Execute/Execute.vhd Line: 6
Info (12021): Found 2 design units, including 1 entities, in source file dlx_ex1_tb.vhd
    Info (12022): Found design unit 1: DLX_ex1_tb-test File: C:/Users/A02340229/Documents/ECE_6740/ECE_6740/Lab5Execute/DLX_ex1_tb.vhd Line: 9
    Info (12023): Found entity 1: DLX_ex1_tb File: C:/Users/A02340229/Documents/ECE_6740/ECE_6740/Lab5Execute/DLX_ex1_tb.vhd Line: 6
Warning (12019): Can't analyze file -- file ALU_1.vhd is missing
Info (12021): Found 2 design units, including 1 entities, in source file alu.vhd
    Info (12022): Found design unit 1: ALU-Behavioral File: C:/Users/A02340229/Documents/ECE_6740/ECE_6740/Lab5Execute/ALU.vhd Line: 21
    Info (12023): Found entity 1: ALU File: C:/Users/A02340229/Documents/ECE_6740/ECE_6740/Lab5Execute/ALU.vhd Line: 6
Info (12021): Found 2 design units, including 1 entities, in source file sign_extend.vhd
    Info (12022): Found design unit 1: sign_extend-Behavioral File: C:/Users/A02340229/Documents/ECE_6740/ECE_6740/Lab5Execute/sign_extend.vhd Line: 17
    Info (12023): Found entity 1: sign_extend File: C:/Users/A02340229/Documents/ECE_6740/ECE_6740/Lab5Execute/sign_extend.vhd Line: 6
Info (12021): Found 2 design units, including 1 entities, in source file registers.vhd
    Info (12022): Found design unit 1: registers-rtl File: C:/Users/A02340229/Documents/ECE_6740/ECE_6740/Lab5Execute/registers.vhd Line: 19
    Info (12023): Found entity 1: registers File: C:/Users/A02340229/Documents/ECE_6740/ECE_6740/Lab5Execute/registers.vhd Line: 6
Info (12021): Found 2 design units, including 0 entities, in source file opcode_package.vhd
    Info (12022): Found design unit 1: opcode_package File: C:/Users/A02340229/Documents/ECE_6740/ECE_6740/Lab5Execute/OPCODE_PACKAGE.vhd Line: 5
    Info (12022): Found design unit 2: opcode_package-body File: C:/Users/A02340229/Documents/ECE_6740/ECE_6740/Lab5Execute/OPCODE_PACKAGE.vhd Line: 92
Info (12021): Found 2 design units, including 1 entities, in source file fetch.vhd
    Info (12022): Found design unit 1: fetch-Behavioral File: C:/Users/A02340229/Documents/ECE_6740/ECE_6740/Lab5Execute/fetch.vhd Line: 19
    Info (12023): Found entity 1: fetch File: C:/Users/A02340229/Documents/ECE_6740/ECE_6740/Lab5Execute/fetch.vhd Line: 6
Info (12021): Found 2 design units, including 1 entities, in source file dlx.vhd
    Info (12022): Found design unit 1: DLX-Behavioral File: C:/Users/A02340229/Documents/ECE_6740/ECE_6740/Lab5Execute/DLX.vhd Line: 21
    Info (12023): Found entity 1: DLX File: C:/Users/A02340229/Documents/ECE_6740/ECE_6740/Lab5Execute/DLX.vhd Line: 6
Info (12021): Found 2 design units, including 1 entities, in source file decode.vhd
    Info (12022): Found design unit 1: decode-Behavioral File: C:/Users/A02340229/Documents/ECE_6740/ECE_6740/Lab5Execute/Decode.vhd Line: 28
    Info (12023): Found entity 1: decode File: C:/Users/A02340229/Documents/ECE_6740/ECE_6740/Lab5Execute/Decode.vhd Line: 6
Info (12021): Found 2 design units, including 1 entities, in source file my_rom.vhd
    Info (12022): Found design unit 1: my_rom-SYN File: C:/Users/A02340229/Documents/ECE_6740/ECE_6740/Lab5Execute/my_ROM.vhd Line: 53
    Info (12023): Found entity 1: my_ROM File: C:/Users/A02340229/Documents/ECE_6740/ECE_6740/Lab5Execute/my_ROM.vhd Line: 43
Info (12127): Elaborating entity "DLX" for the top level hierarchy
Warning (10036): Verilog HDL or VHDL warning at DLX.vhd(28): object "instruction_mem" assigned a value but never read File: C:/Users/A02340229/Documents/ECE_6740/ECE_6740/Lab5Execute/DLX.vhd Line: 28
Warning (10036): Verilog HDL or VHDL warning at DLX.vhd(36): object "alu_result" assigned a value but never read File: C:/Users/A02340229/Documents/ECE_6740/ECE_6740/Lab5Execute/DLX.vhd Line: 36
Info (12128): Elaborating entity "fetch" for hierarchy "fetch:FETCH" File: C:/Users/A02340229/Documents/ECE_6740/ECE_6740/Lab5Execute/DLX.vhd Line: 40
Info (12128): Elaborating entity "my_ROM" for hierarchy "fetch:FETCH|my_ROM:U1" File: C:/Users/A02340229/Documents/ECE_6740/ECE_6740/Lab5Execute/fetch.vhd Line: 28
Info (12128): Elaborating entity "altsyncram" for hierarchy "fetch:FETCH|my_ROM:U1|altsyncram:altsyncram_component" File: C:/Users/A02340229/Documents/ECE_6740/ECE_6740/Lab5Execute/my_ROM.vhd Line: 60
Info (12130): Elaborated megafunction instantiation "fetch:FETCH|my_ROM:U1|altsyncram:altsyncram_component" File: C:/Users/A02340229/Documents/ECE_6740/ECE_6740/Lab5Execute/my_ROM.vhd Line: 60
Info (12133): Instantiated megafunction "fetch:FETCH|my_ROM:U1|altsyncram:altsyncram_component" with the following parameter: File: C:/Users/A02340229/Documents/ECE_6740/ECE_6740/Lab5Execute/my_ROM.vhd Line: 60
    Info (12134): Parameter "address_aclr_a" = "NONE"
    Info (12134): Parameter "address_aclr_b" = "NONE"
    Info (12134): Parameter "address_reg_b" = "CLOCK1"
    Info (12134): Parameter "byte_size" = "8"
    Info (12134): Parameter "byteena_aclr_a" = "UNUSED"
    Info (12134): Parameter "byteena_aclr_b" = "NONE"
    Info (12134): Parameter "byteena_reg_b" = "CLOCK1"
    Info (12134): Parameter "clock_enable_core_a" = "USE_INPUT_CLKEN"
    Info (12134): Parameter "clock_enable_core_b" = "USE_INPUT_CLKEN"
    Info (12134): Parameter "clock_enable_input_a" = "BYPASS"
    Info (12134): Parameter "clock_enable_input_b" = "NORMAL"
    Info (12134): Parameter "clock_enable_output_a" = "BYPASS"
    Info (12134): Parameter "clock_enable_output_b" = "NORMAL"
    Info (12134): Parameter "intended_device_family" = "MAX 10"
    Info (12134): Parameter "ecc_pipeline_stage_enabled" = "FALSE"
    Info (12134): Parameter "enable_ecc" = "FALSE"
    Info (12134): Parameter "implement_in_les" = "OFF"
    Info (12134): Parameter "indata_aclr_a" = "UNUSED"
    Info (12134): Parameter "indata_aclr_b" = "NONE"
    Info (12134): Parameter "indata_reg_b" = "CLOCK1"
    Info (12134): Parameter "init_file" = "factorial_code.mif"
    Info (12134): Parameter "init_file_layout" = "PORT_A"
    Info (12134): Parameter "maximum_depth" = "0"
    Info (12134): Parameter "numwords_a" = "1024"
    Info (12134): Parameter "numwords_b" = "0"
    Info (12134): Parameter "operation_mode" = "ROM"
    Info (12134): Parameter "outdata_aclr_a" = "NONE"
    Info (12134): Parameter "outdata_aclr_b" = "NONE"
    Info (12134): Parameter "outdata_reg_a" = "UNREGISTERED"
    Info (12134): Parameter "outdata_reg_b" = "UNREGISTERED"
    Info (12134): Parameter "power_up_uninitialized" = "FALSE"
    Info (12134): Parameter "ram_block_type" = "AUTO"
    Info (12134): Parameter "rdcontrol_aclr_b" = "NONE"
    Info (12134): Parameter "rdcontrol_reg_b" = "CLOCK1"
    Info (12134): Parameter "read_during_write_mode_mixed_ports" = "DONT_CARE"
    Info (12134): Parameter "read_during_write_mode_port_a" = "NEW_DATA_NO_NBE_READ"
    Info (12134): Parameter "read_during_write_mode_port_b" = "NEW_DATA_NO_NBE_READ"
    Info (12134): Parameter "stratixiv_m144k_allow_dual_clocks" = "ON"
    Info (12134): Parameter "width_a" = "32"
    Info (12134): Parameter "width_b" = "1"
    Info (12134): Parameter "width_byteena_a" = "1"
    Info (12134): Parameter "width_byteena_b" = "1"
    Info (12134): Parameter "width_eccstatus" = "3"
    Info (12134): Parameter "widthad_a" = "10"
    Info (12134): Parameter "widthad_b" = "1"
    Info (12134): Parameter "wrcontrol_aclr_a" = "UNUSED"
    Info (12134): Parameter "wrcontrol_aclr_b" = "NONE"
    Info (12134): Parameter "wrcontrol_wraddress_reg_b" = "CLOCK1"
    Info (12134): Parameter "lpm_hint" = "ENABLE_RUNTIME_MOD=NO"
    Info (12134): Parameter "lpm_type" = "altsyncram"
Info (12021): Found 1 design units, including 1 entities, in source file db/altsyncram_d5s3.tdf
    Info (12023): Found entity 1: altsyncram_d5s3 File: C:/Users/A02340229/Documents/ECE_6740/ECE_6740/Lab5Execute/db/altsyncram_d5s3.tdf Line: 28
Info (12128): Elaborating entity "altsyncram_d5s3" for hierarchy "fetch:FETCH|my_ROM:U1|altsyncram:altsyncram_component|altsyncram_d5s3:auto_generated" File: c:/intelfpga_lite/24.1std/quartus/libraries/megafunctions/altsyncram.tdf Line: 792
Info (12128): Elaborating entity "decode" for hierarchy "decode:DECODE" File: C:/Users/A02340229/Documents/ECE_6740/ECE_6740/Lab5Execute/DLX.vhd Line: 51
Info (12128): Elaborating entity "registers" for hierarchy "decode:DECODE|registers:R" File: C:/Users/A02340229/Documents/ECE_6740/ECE_6740/Lab5Execute/Decode.vhd Line: 32
Info (12128): Elaborating entity "sign_extend" for hierarchy "decode:DECODE|sign_extend:SE" File: C:/Users/A02340229/Documents/ECE_6740/ECE_6740/Lab5Execute/Decode.vhd Line: 45
Info (12128): Elaborating entity "execute" for hierarchy "execute:EXECUTE" File: C:/Users/A02340229/Documents/ECE_6740/ECE_6740/Lab5Execute/DLX.vhd Line: 68
Info (12128): Elaborating entity "PC_mux" for hierarchy "execute:EXECUTE|PC_mux:MUX1" File: C:/Users/A02340229/Documents/ECE_6740/ECE_6740/Lab5Execute/Execute.vhd Line: 34
Warning (10492): VHDL Process Statement warning at PC_mux.vhd(21): signal "opcode" is read inside the Process Statement but isn't in the Process Statement's sensitivity list File: C:/Users/A02340229/Documents/ECE_6740/ECE_6740/Lab5Execute/PC_mux.vhd Line: 21
Info (12128): Elaborating entity "imm_mux" for hierarchy "execute:EXECUTE|imm_mux:MUX2" File: C:/Users/A02340229/Documents/ECE_6740/ECE_6740/Lab5Execute/Execute.vhd Line: 43
Warning (10492): VHDL Process Statement warning at imm_mux.vhd(21): signal "opcode" is read inside the Process Statement but isn't in the Process Statement's sensitivity list File: C:/Users/A02340229/Documents/ECE_6740/ECE_6740/Lab5Execute/imm_mux.vhd Line: 21
Info (12128): Elaborating entity "Zeros" for hierarchy "execute:EXECUTE|Zeros:ZEROS" File: C:/Users/A02340229/Documents/ECE_6740/ECE_6740/Lab5Execute/Execute.vhd Line: 52
Warning (10492): VHDL Process Statement warning at Zeros.vhd(34): signal "rst_l" is read inside the Process Statement but isn't in the Process Statement's sensitivity list File: C:/Users/A02340229/Documents/ECE_6740/ECE_6740/Lab5Execute/Zeros.vhd Line: 34
Info (12128): Elaborating entity "ALU" for hierarchy "execute:EXECUTE|ALU:ALU" File: C:/Users/A02340229/Documents/ECE_6740/ECE_6740/Lab5Execute/Execute.vhd Line: 64
Warning (14284): Synthesized away the following node(s):
    Warning (14285): Synthesized away the following RAM node(s):
        Warning (14320): Synthesized away node "fetch:FETCH|my_ROM:U1|altsyncram:altsyncram_component|altsyncram_d5s3:auto_generated|q_a[10]" File: C:/Users/A02340229/Documents/ECE_6740/ECE_6740/Lab5Execute/db/altsyncram_d5s3.tdf Line: 255
        Warning (14320): Synthesized away node "fetch:FETCH|my_ROM:U1|altsyncram:altsyncram_component|altsyncram_d5s3:auto_generated|q_a[21]" File: C:/Users/A02340229/Documents/ECE_6740/ECE_6740/Lab5Execute/db/altsyncram_d5s3.tdf Line: 497
        Warning (14320): Synthesized away node "fetch:FETCH|my_ROM:U1|altsyncram:altsyncram_component|altsyncram_d5s3:auto_generated|q_a[22]" File: C:/Users/A02340229/Documents/ECE_6740/ECE_6740/Lab5Execute/db/altsyncram_d5s3.tdf Line: 519
        Warning (14320): Synthesized away node "fetch:FETCH|my_ROM:U1|altsyncram:altsyncram_component|altsyncram_d5s3:auto_generated|q_a[23]" File: C:/Users/A02340229/Documents/ECE_6740/ECE_6740/Lab5Execute/db/altsyncram_d5s3.tdf Line: 541
        Warning (14320): Synthesized away node "fetch:FETCH|my_ROM:U1|altsyncram:altsyncram_component|altsyncram_d5s3:auto_generated|q_a[24]" File: C:/Users/A02340229/Documents/ECE_6740/ECE_6740/Lab5Execute/db/altsyncram_d5s3.tdf Line: 563
        Warning (14320): Synthesized away node "fetch:FETCH|my_ROM:U1|altsyncram:altsyncram_component|altsyncram_d5s3:auto_generated|q_a[25]" File: C:/Users/A02340229/Documents/ECE_6740/ECE_6740/Lab5Execute/db/altsyncram_d5s3.tdf Line: 585
Warning (14284): Synthesized away the following node(s):
    Warning (14285): Synthesized away the following RAM node(s):
        Warning (14320): Synthesized away node "fetch:FETCH|my_ROM:U1|altsyncram:altsyncram_component|altsyncram_d5s3:auto_generated|q_a[0]" File: C:/Users/A02340229/Documents/ECE_6740/ECE_6740/Lab5Execute/db/altsyncram_d5s3.tdf Line: 35
        Warning (14320): Synthesized away node "fetch:FETCH|my_ROM:U1|altsyncram:altsyncram_component|altsyncram_d5s3:auto_generated|q_a[1]" File: C:/Users/A02340229/Documents/ECE_6740/ECE_6740/Lab5Execute/db/altsyncram_d5s3.tdf Line: 57
        Warning (14320): Synthesized away node "fetch:FETCH|my_ROM:U1|altsyncram:altsyncram_component|altsyncram_d5s3:auto_generated|q_a[2]" File: C:/Users/A02340229/Documents/ECE_6740/ECE_6740/Lab5Execute/db/altsyncram_d5s3.tdf Line: 79
        Warning (14320): Synthesized away node "fetch:FETCH|my_ROM:U1|altsyncram:altsyncram_component|altsyncram_d5s3:auto_generated|q_a[3]" File: C:/Users/A02340229/Documents/ECE_6740/ECE_6740/Lab5Execute/db/altsyncram_d5s3.tdf Line: 101
        Warning (14320): Synthesized away node "fetch:FETCH|my_ROM:U1|altsyncram:altsyncram_component|altsyncram_d5s3:auto_generated|q_a[4]" File: C:/Users/A02340229/Documents/ECE_6740/ECE_6740/Lab5Execute/db/altsyncram_d5s3.tdf Line: 123
        Warning (14320): Synthesized away node "fetch:FETCH|my_ROM:U1|altsyncram:altsyncram_component|altsyncram_d5s3:auto_generated|q_a[5]" File: C:/Users/A02340229/Documents/ECE_6740/ECE_6740/Lab5Execute/db/altsyncram_d5s3.tdf Line: 145
        Warning (14320): Synthesized away node "fetch:FETCH|my_ROM:U1|altsyncram:altsyncram_component|altsyncram_d5s3:auto_generated|q_a[6]" File: C:/Users/A02340229/Documents/ECE_6740/ECE_6740/Lab5Execute/db/altsyncram_d5s3.tdf Line: 167
        Warning (14320): Synthesized away node "fetch:FETCH|my_ROM:U1|altsyncram:altsyncram_component|altsyncram_d5s3:auto_generated|q_a[7]" File: C:/Users/A02340229/Documents/ECE_6740/ECE_6740/Lab5Execute/db/altsyncram_d5s3.tdf Line: 189
        Warning (14320): Synthesized away node "fetch:FETCH|my_ROM:U1|altsyncram:altsyncram_component|altsyncram_d5s3:auto_generated|q_a[8]" File: C:/Users/A02340229/Documents/ECE_6740/ECE_6740/Lab5Execute/db/altsyncram_d5s3.tdf Line: 211
        Warning (14320): Synthesized away node "fetch:FETCH|my_ROM:U1|altsyncram:altsyncram_component|altsyncram_d5s3:auto_generated|q_a[9]" File: C:/Users/A02340229/Documents/ECE_6740/ECE_6740/Lab5Execute/db/altsyncram_d5s3.tdf Line: 233
        Warning (14320): Synthesized away node "fetch:FETCH|my_ROM:U1|altsyncram:altsyncram_component|altsyncram_d5s3:auto_generated|q_a[11]" File: C:/Users/A02340229/Documents/ECE_6740/ECE_6740/Lab5Execute/db/altsyncram_d5s3.tdf Line: 277
        Warning (14320): Synthesized away node "fetch:FETCH|my_ROM:U1|altsyncram:altsyncram_component|altsyncram_d5s3:auto_generated|q_a[12]" File: C:/Users/A02340229/Documents/ECE_6740/ECE_6740/Lab5Execute/db/altsyncram_d5s3.tdf Line: 299
        Warning (14320): Synthesized away node "fetch:FETCH|my_ROM:U1|altsyncram:altsyncram_component|altsyncram_d5s3:auto_generated|q_a[13]" File: C:/Users/A02340229/Documents/ECE_6740/ECE_6740/Lab5Execute/db/altsyncram_d5s3.tdf Line: 321
        Warning (14320): Synthesized away node "fetch:FETCH|my_ROM:U1|altsyncram:altsyncram_component|altsyncram_d5s3:auto_generated|q_a[14]" File: C:/Users/A02340229/Documents/ECE_6740/ECE_6740/Lab5Execute/db/altsyncram_d5s3.tdf Line: 343
        Warning (14320): Synthesized away node "fetch:FETCH|my_ROM:U1|altsyncram:altsyncram_component|altsyncram_d5s3:auto_generated|q_a[15]" File: C:/Users/A02340229/Documents/ECE_6740/ECE_6740/Lab5Execute/db/altsyncram_d5s3.tdf Line: 365
        Warning (14320): Synthesized away node "fetch:FETCH|my_ROM:U1|altsyncram:altsyncram_component|altsyncram_d5s3:auto_generated|q_a[16]" File: C:/Users/A02340229/Documents/ECE_6740/ECE_6740/Lab5Execute/db/altsyncram_d5s3.tdf Line: 387
        Warning (14320): Synthesized away node "fetch:FETCH|my_ROM:U1|altsyncram:altsyncram_component|altsyncram_d5s3:auto_generated|q_a[17]" File: C:/Users/A02340229/Documents/ECE_6740/ECE_6740/Lab5Execute/db/altsyncram_d5s3.tdf Line: 409
        Warning (14320): Synthesized away node "fetch:FETCH|my_ROM:U1|altsyncram:altsyncram_component|altsyncram_d5s3:auto_generated|q_a[18]" File: C:/Users/A02340229/Documents/ECE_6740/ECE_6740/Lab5Execute/db/altsyncram_d5s3.tdf Line: 431
        Warning (14320): Synthesized away node "fetch:FETCH|my_ROM:U1|altsyncram:altsyncram_component|altsyncram_d5s3:auto_generated|q_a[19]" File: C:/Users/A02340229/Documents/ECE_6740/ECE_6740/Lab5Execute/db/altsyncram_d5s3.tdf Line: 453
        Warning (14320): Synthesized away node "fetch:FETCH|my_ROM:U1|altsyncram:altsyncram_component|altsyncram_d5s3:auto_generated|q_a[20]" File: C:/Users/A02340229/Documents/ECE_6740/ECE_6740/Lab5Execute/db/altsyncram_d5s3.tdf Line: 475
        Warning (14320): Synthesized away node "fetch:FETCH|my_ROM:U1|altsyncram:altsyncram_component|altsyncram_d5s3:auto_generated|q_a[26]" File: C:/Users/A02340229/Documents/ECE_6740/ECE_6740/Lab5Execute/db/altsyncram_d5s3.tdf Line: 607
        Warning (14320): Synthesized away node "fetch:FETCH|my_ROM:U1|altsyncram:altsyncram_component|altsyncram_d5s3:auto_generated|q_a[27]" File: C:/Users/A02340229/Documents/ECE_6740/ECE_6740/Lab5Execute/db/altsyncram_d5s3.tdf Line: 629
        Warning (14320): Synthesized away node "fetch:FETCH|my_ROM:U1|altsyncram:altsyncram_component|altsyncram_d5s3:auto_generated|q_a[28]" File: C:/Users/A02340229/Documents/ECE_6740/ECE_6740/Lab5Execute/db/altsyncram_d5s3.tdf Line: 651
        Warning (14320): Synthesized away node "fetch:FETCH|my_ROM:U1|altsyncram:altsyncram_component|altsyncram_d5s3:auto_generated|q_a[29]" File: C:/Users/A02340229/Documents/ECE_6740/ECE_6740/Lab5Execute/db/altsyncram_d5s3.tdf Line: 673
        Warning (14320): Synthesized away node "fetch:FETCH|my_ROM:U1|altsyncram:altsyncram_component|altsyncram_d5s3:auto_generated|q_a[30]" File: C:/Users/A02340229/Documents/ECE_6740/ECE_6740/Lab5Execute/db/altsyncram_d5s3.tdf Line: 695
        Warning (14320): Synthesized away node "fetch:FETCH|my_ROM:U1|altsyncram:altsyncram_component|altsyncram_d5s3:auto_generated|q_a[31]" File: C:/Users/A02340229/Documents/ECE_6740/ECE_6740/Lab5Execute/db/altsyncram_d5s3.tdf Line: 717
Info (17049): 78 registers lost all their fanouts during netlist optimizations.
Info (16010): Generating hard_block partition "hard_block:auto_generated_inst"
    Info (16011): Adding 0 node(s), including 0 DDIO, 0 PLL, 0 transceiver and 0 LCELL
Warning (21074): Design contains 40 input pin(s) that do not drive logic
    Warning (15610): No output dependent on input pin "rst_l" File: C:/Users/A02340229/Documents/ECE_6740/ECE_6740/Lab5Execute/DLX.vhd Line: 9
    Warning (15610): No output dependent on input pin "clk" File: C:/Users/A02340229/Documents/ECE_6740/ECE_6740/Lab5Execute/DLX.vhd Line: 10
    Warning (15610): No output dependent on input pin "data[0]" File: C:/Users/A02340229/Documents/ECE_6740/ECE_6740/Lab5Execute/DLX.vhd Line: 13
    Warning (15610): No output dependent on input pin "data[1]" File: C:/Users/A02340229/Documents/ECE_6740/ECE_6740/Lab5Execute/DLX.vhd Line: 13
    Warning (15610): No output dependent on input pin "data[2]" File: C:/Users/A02340229/Documents/ECE_6740/ECE_6740/Lab5Execute/DLX.vhd Line: 13
    Warning (15610): No output dependent on input pin "data[3]" File: C:/Users/A02340229/Documents/ECE_6740/ECE_6740/Lab5Execute/DLX.vhd Line: 13
    Warning (15610): No output dependent on input pin "data[4]" File: C:/Users/A02340229/Documents/ECE_6740/ECE_6740/Lab5Execute/DLX.vhd Line: 13
    Warning (15610): No output dependent on input pin "data[5]" File: C:/Users/A02340229/Documents/ECE_6740/ECE_6740/Lab5Execute/DLX.vhd Line: 13
    Warning (15610): No output dependent on input pin "data[6]" File: C:/Users/A02340229/Documents/ECE_6740/ECE_6740/Lab5Execute/DLX.vhd Line: 13
    Warning (15610): No output dependent on input pin "data[7]" File: C:/Users/A02340229/Documents/ECE_6740/ECE_6740/Lab5Execute/DLX.vhd Line: 13
    Warning (15610): No output dependent on input pin "data[8]" File: C:/Users/A02340229/Documents/ECE_6740/ECE_6740/Lab5Execute/DLX.vhd Line: 13
    Warning (15610): No output dependent on input pin "data[9]" File: C:/Users/A02340229/Documents/ECE_6740/ECE_6740/Lab5Execute/DLX.vhd Line: 13
    Warning (15610): No output dependent on input pin "data[10]" File: C:/Users/A02340229/Documents/ECE_6740/ECE_6740/Lab5Execute/DLX.vhd Line: 13
    Warning (15610): No output dependent on input pin "data[11]" File: C:/Users/A02340229/Documents/ECE_6740/ECE_6740/Lab5Execute/DLX.vhd Line: 13
    Warning (15610): No output dependent on input pin "data[12]" File: C:/Users/A02340229/Documents/ECE_6740/ECE_6740/Lab5Execute/DLX.vhd Line: 13
    Warning (15610): No output dependent on input pin "data[13]" File: C:/Users/A02340229/Documents/ECE_6740/ECE_6740/Lab5Execute/DLX.vhd Line: 13
    Warning (15610): No output dependent on input pin "data[14]" File: C:/Users/A02340229/Documents/ECE_6740/ECE_6740/Lab5Execute/DLX.vhd Line: 13
    Warning (15610): No output dependent on input pin "data[15]" File: C:/Users/A02340229/Documents/ECE_6740/ECE_6740/Lab5Execute/DLX.vhd Line: 13
    Warning (15610): No output dependent on input pin "data[16]" File: C:/Users/A02340229/Documents/ECE_6740/ECE_6740/Lab5Execute/DLX.vhd Line: 13
    Warning (15610): No output dependent on input pin "data[17]" File: C:/Users/A02340229/Documents/ECE_6740/ECE_6740/Lab5Execute/DLX.vhd Line: 13
    Warning (15610): No output dependent on input pin "data[18]" File: C:/Users/A02340229/Documents/ECE_6740/ECE_6740/Lab5Execute/DLX.vhd Line: 13
    Warning (15610): No output dependent on input pin "data[19]" File: C:/Users/A02340229/Documents/ECE_6740/ECE_6740/Lab5Execute/DLX.vhd Line: 13
    Warning (15610): No output dependent on input pin "data[20]" File: C:/Users/A02340229/Documents/ECE_6740/ECE_6740/Lab5Execute/DLX.vhd Line: 13
    Warning (15610): No output dependent on input pin "data[21]" File: C:/Users/A02340229/Documents/ECE_6740/ECE_6740/Lab5Execute/DLX.vhd Line: 13
    Warning (15610): No output dependent on input pin "data[22]" File: C:/Users/A02340229/Documents/ECE_6740/ECE_6740/Lab5Execute/DLX.vhd Line: 13
    Warning (15610): No output dependent on input pin "data[23]" File: C:/Users/A02340229/Documents/ECE_6740/ECE_6740/Lab5Execute/DLX.vhd Line: 13
    Warning (15610): No output dependent on input pin "data[24]" File: C:/Users/A02340229/Documents/ECE_6740/ECE_6740/Lab5Execute/DLX.vhd Line: 13
    Warning (15610): No output dependent on input pin "data[25]" File: C:/Users/A02340229/Documents/ECE_6740/ECE_6740/Lab5Execute/DLX.vhd Line: 13
    Warning (15610): No output dependent on input pin "data[26]" File: C:/Users/A02340229/Documents/ECE_6740/ECE_6740/Lab5Execute/DLX.vhd Line: 13
    Warning (15610): No output dependent on input pin "data[27]" File: C:/Users/A02340229/Documents/ECE_6740/ECE_6740/Lab5Execute/DLX.vhd Line: 13
    Warning (15610): No output dependent on input pin "data[28]" File: C:/Users/A02340229/Documents/ECE_6740/ECE_6740/Lab5Execute/DLX.vhd Line: 13
    Warning (15610): No output dependent on input pin "data[29]" File: C:/Users/A02340229/Documents/ECE_6740/ECE_6740/Lab5Execute/DLX.vhd Line: 13
    Warning (15610): No output dependent on input pin "data[30]" File: C:/Users/A02340229/Documents/ECE_6740/ECE_6740/Lab5Execute/DLX.vhd Line: 13
    Warning (15610): No output dependent on input pin "data[31]" File: C:/Users/A02340229/Documents/ECE_6740/ECE_6740/Lab5Execute/DLX.vhd Line: 13
    Warning (15610): No output dependent on input pin "we" File: C:/Users/A02340229/Documents/ECE_6740/ECE_6740/Lab5Execute/DLX.vhd Line: 14
    Warning (15610): No output dependent on input pin "wr_addr[0]" File: C:/Users/A02340229/Documents/ECE_6740/ECE_6740/Lab5Execute/DLX.vhd Line: 15
    Warning (15610): No output dependent on input pin "wr_addr[1]" File: C:/Users/A02340229/Documents/ECE_6740/ECE_6740/Lab5Execute/DLX.vhd Line: 15
    Warning (15610): No output dependent on input pin "wr_addr[2]" File: C:/Users/A02340229/Documents/ECE_6740/ECE_6740/Lab5Execute/DLX.vhd Line: 15
    Warning (15610): No output dependent on input pin "wr_addr[3]" File: C:/Users/A02340229/Documents/ECE_6740/ECE_6740/Lab5Execute/DLX.vhd Line: 15
    Warning (15610): No output dependent on input pin "wr_addr[4]" File: C:/Users/A02340229/Documents/ECE_6740/ECE_6740/Lab5Execute/DLX.vhd Line: 15
Info (21057): Implemented 40 device resources after synthesis - the final resource count might be different
    Info (21058): Implemented 40 input pins
    Info (21059): Implemented 0 output pins
Info: Quartus Prime Analysis & Synthesis was successful. 0 errors, 84 warnings
    Info: Peak virtual memory: 4858 megabytes
    Info: Processing ended: Thu Feb 12 19:43:13 2026
    Info: Elapsed time: 00:00:06
    Info: Total CPU time (on all processors): 00:00:11


