------------------------------------------------------------
Timing Analyzer Summary
------------------------------------------------------------

Type  : Slow 1200mV 85C Model Setup 'PLLTX|altpll_component|auto_generated|pll1|clk[2]'
Slack : -0.553
TNS   : -1.683

Type  : Slow 1200mV 85C Model Setup 'PLLTX|altpll_component|auto_generated|pll1|clk[0]'
Slack : 1080.283
TNS   : 0.000

Type  : Slow 1200mV 85C Model Setup 'PLLTX|altpll_component|auto_generated|pll1|clk[1]'
Slack : 8674.127
TNS   : 0.000

Type  : Slow 1200mV 85C Model Hold 'PLLTX|altpll_component|auto_generated|pll1|clk[1]'
Slack : 0.305
TNS   : 0.000

Type  : Slow 1200mV 85C Model Hold 'PLLTX|altpll_component|auto_generated|pll1|clk[2]'
Slack : 0.322
TNS   : 0.000

Type  : Slow 1200mV 85C Model Hold 'PLLTX|altpll_component|auto_generated|pll1|clk[0]'
Slack : 0.362
TNS   : 0.000

Type  : Slow 1200mV 85C Model Recovery 'PLLTX|altpll_component|auto_generated|pll1|clk[2]'
Slack : 3.427
TNS   : 0.000

Type  : Slow 1200mV 85C Model Removal 'PLLTX|altpll_component|auto_generated|pll1|clk[2]'
Slack : 7.705
TNS   : 0.000

Type  : Slow 1200mV 85C Model Minimum Pulse Width 'PLLTX|altpll_component|auto_generated|pll1|clk[2]'
Slack : 5.558
TNS   : 0.000

Type  : Slow 1200mV 85C Model Minimum Pulse Width 'MAX10_CLK1_50'
Slack : 9.822
TNS   : 0.000

Type  : Slow 1200mV 85C Model Minimum Pulse Width 'MAX10_CLK2_50'
Slack : 16.000
TNS   : 0.000

Type  : Slow 1200mV 85C Model Minimum Pulse Width 'ADC_CLK_10'
Slack : 96.000
TNS   : 0.000

Type  : Slow 1200mV 85C Model Minimum Pulse Width 'PLLTX|altpll_component|auto_generated|pll1|clk[0]'
Slack : 542.329
TNS   : 0.000

Type  : Slow 1200mV 85C Model Minimum Pulse Width 'PLLTX|altpll_component|auto_generated|pll1|clk[1]'
Slack : 4339.384
TNS   : 0.000

Type  : Slow 1200mV 0C Model Setup 'PLLTX|altpll_component|auto_generated|pll1|clk[2]'
Slack : 0.207
TNS   : 0.000

Type  : Slow 1200mV 0C Model Setup 'PLLTX|altpll_component|auto_generated|pll1|clk[0]'
Slack : 1080.671
TNS   : 0.000

Type  : Slow 1200mV 0C Model Setup 'PLLTX|altpll_component|auto_generated|pll1|clk[1]'
Slack : 8674.499
TNS   : 0.000

Type  : Slow 1200mV 0C Model Hold 'PLLTX|altpll_component|auto_generated|pll1|clk[1]'
Slack : 0.261
TNS   : 0.000

Type  : Slow 1200mV 0C Model Hold 'PLLTX|altpll_component|auto_generated|pll1|clk[2]'
Slack : 0.280
TNS   : 0.000

Type  : Slow 1200mV 0C Model Hold 'PLLTX|altpll_component|auto_generated|pll1|clk[0]'
Slack : 0.318
TNS   : 0.000

Type  : Slow 1200mV 0C Model Recovery 'PLLTX|altpll_component|auto_generated|pll1|clk[2]'
Slack : 4.144
TNS   : 0.000

Type  : Slow 1200mV 0C Model Removal 'PLLTX|altpll_component|auto_generated|pll1|clk[2]'
Slack : 6.995
TNS   : 0.000

Type  : Slow 1200mV 0C Model Minimum Pulse Width 'PLLTX|altpll_component|auto_generated|pll1|clk[2]'
Slack : 5.571
TNS   : 0.000

Type  : Slow 1200mV 0C Model Minimum Pulse Width 'MAX10_CLK1_50'
Slack : 9.831
TNS   : 0.000

Type  : Slow 1200mV 0C Model Minimum Pulse Width 'MAX10_CLK2_50'
Slack : 16.000
TNS   : 0.000

Type  : Slow 1200mV 0C Model Minimum Pulse Width 'ADC_CLK_10'
Slack : 96.000
TNS   : 0.000

Type  : Slow 1200mV 0C Model Minimum Pulse Width 'PLLTX|altpll_component|auto_generated|pll1|clk[0]'
Slack : 542.345
TNS   : 0.000

Type  : Slow 1200mV 0C Model Minimum Pulse Width 'PLLTX|altpll_component|auto_generated|pll1|clk[1]'
Slack : 4339.400
TNS   : 0.000

Type  : Fast 1200mV 0C Model Setup 'PLLTX|altpll_component|auto_generated|pll1|clk[2]'
Slack : 6.269
TNS   : 0.000

Type  : Fast 1200mV 0C Model Setup 'PLLTX|altpll_component|auto_generated|pll1|clk[0]'
Slack : 1083.176
TNS   : 0.000

Type  : Fast 1200mV 0C Model Setup 'PLLTX|altpll_component|auto_generated|pll1|clk[1]'
Slack : 8677.043
TNS   : 0.000

Type  : Fast 1200mV 0C Model Hold 'PLLTX|altpll_component|auto_generated|pll1|clk[1]'
Slack : 0.143
TNS   : 0.000

Type  : Fast 1200mV 0C Model Hold 'PLLTX|altpll_component|auto_generated|pll1|clk[2]'
Slack : 0.154
TNS   : 0.000

Type  : Fast 1200mV 0C Model Hold 'PLLTX|altpll_component|auto_generated|pll1|clk[0]'
Slack : 0.171
TNS   : 0.000

Type  : Fast 1200mV 0C Model Recovery 'PLLTX|altpll_component|auto_generated|pll1|clk[2]'
Slack : 7.689
TNS   : 0.000

Type  : Fast 1200mV 0C Model Removal 'PLLTX|altpll_component|auto_generated|pll1|clk[2]'
Slack : 3.539
TNS   : 0.000

Type  : Fast 1200mV 0C Model Minimum Pulse Width 'PLLTX|altpll_component|auto_generated|pll1|clk[2]'
Slack : 5.599
TNS   : 0.000

Type  : Fast 1200mV 0C Model Minimum Pulse Width 'MAX10_CLK1_50'
Slack : 9.530
TNS   : 0.000

Type  : Fast 1200mV 0C Model Minimum Pulse Width 'MAX10_CLK2_50'
Slack : 16.000
TNS   : 0.000

Type  : Fast 1200mV 0C Model Minimum Pulse Width 'ADC_CLK_10'
Slack : 96.000
TNS   : 0.000

Type  : Fast 1200mV 0C Model Minimum Pulse Width 'PLLTX|altpll_component|auto_generated|pll1|clk[0]'
Slack : 542.361
TNS   : 0.000

Type  : Fast 1200mV 0C Model Minimum Pulse Width 'PLLTX|altpll_component|auto_generated|pll1|clk[1]'
Slack : 4339.426
TNS   : 0.000

------------------------------------------------------------
