Archive Project report for DLX
Wed Apr 22 20:03:27 2026
Quartus Prime Version 24.1std.0 Build 1077 03/04/2025 SC Lite Edition


---------------------
; Table of Contents ;
---------------------
  1. Legal Notice
  2. Archive Project Summary
  3. Archive Project Messages
  4. Files Archived



----------------
; Legal Notice ;
----------------
Copyright (C) 2025  Altera Corporation. All rights reserved.
Your use of Altera Corporation's design tools, logic functions 
and other software and tools, and any partner logic 
functions, and any output files from any of the foregoing 
(including device programming or simulation files), and any 
associated documentation or information are expressly subject 
to the terms and conditions of the Altera Program License 
Subscription Agreement, the Altera Quartus Prime License Agreement,
the Altera IP License Agreement, or other applicable license
agreement, including, without limitation, that your use is for
the sole purpose of programming logic devices manufactured by
Altera and sold by Altera or its authorized distributors.  Please
refer to the Altera Software License Subscription Agreements 
on the Quartus Prime software download page.



+----------------------------------------------------------------+
; Archive Project Summary                                        ;
+------------------------+---------------------------------------+
; Archive Project Status ; Successful - Wed Apr 22 20:03:27 2026 ;
; Revision Name          ; DLX                                   ;
; Top-level Entity Name  ; DLX                                   ;
; Family                 ; MAX 10                                ;
+------------------------+---------------------------------------+


+--------------------------+
; Archive Project Messages ;
+--------------------------+
Info: File Set 'Compilation database and output' contains:
    Info: Project source and settings files
    Info: Automatically detected source files
    Info: Report files
    Info: Programming output files
    Info: Version-incompatible compilation database files
    Info: Incremental compilation and Rapid Recompile database files (version-incompatible)
Warning: Hierarchical Platform Designer systems and custom IP components(_hw.tcl and associated files) are not archived by the Quartus Archiver
Info: Archive will store files relative to the closest common parent directory
Info (13213): Using common directory C:/Users/A02395949/Documents/advanced/ECE_6740/FinalProject/
Info: ----------------------------------------------------------
Info: ----------------------------------------------------------
Info: Generated archive 'C:\\Users\\A02395949\\Documents\\advanced\\ECE_6740\\FinalProject\\dse\\dse1\\DLX.qar'
Info: ----------------------------------------------------------
Info: ----------------------------------------------------------
Info: Generated report 'DLX.archive.rpt'
Info (23030): Evaluation of Tcl script c:/intelfpga/20.1/quartus/common/tcl/apps/qpm/qar.tcl was successful
Info: Quartus Prime Shell was successful. 0 errors, 1 warning
    Info: Peak virtual memory: 4908 megabytes
    Info: Processing ended: Wed Apr 22 20:03:27 2026
    Info: Elapsed time: 00:00:03
    Info: Total CPU time (on all processors): 00:00:03


+------------------------------------------------------------------------+
; Files Archived                                                         ;
+------------------------------------------------------------------------+
; File Name                                                              ;
+------------------------------------------------------------------------+
; ALU.vhd                                                                ;
; Amaya_test_code.mif                                                    ;
; Amaya_test_data.mif                                                    ;
; db/a_dpfifo_dj21.tdf                                                   ;
; db/a_dpfifo_jj21.tdf                                                   ;
; db/a_fefifo_08f.tdf                                                    ;
; db/a_gray2bin_kra.tdf                                                  ;
; db/a_graycounter_8gb.tdf                                               ;
; db/a_graycounter_c26.tdf                                               ;
; db/a_graycounter_dgb.tdf                                               ;
; db/a_graycounter_h26.tdf                                               ;
; db/alt_synch_pipe_c9l.tdf                                              ;
; db/alt_synch_pipe_d9l.tdf                                              ;
; db/alt_synch_pipe_h9l.tdf                                              ;
; db/alt_synch_pipe_i9l.tdf                                              ;
; db/alt_synch_pipe_j9l.tdf                                              ;
; db/alt_synch_pipe_k9l.tdf                                              ;
; db/altsyncram_2j31.tdf                                                 ;
; db/altsyncram_9lr3.tdf                                                 ;
; db/altsyncram_23g1.tdf                                                 ;
; db/altsyncram_c2m1.tdf                                                 ;
; db/altsyncram_khr3.tdf                                                 ;
; db/altsyncram_o2m1.tdf                                                 ;
; db/altsyncram_qj31.tdf                                                 ;
; db/cmpr_0h5.tdf                                                        ;
; db/cmpr_5h5.tdf                                                        ;
; db/cntr_537.tdf                                                        ;
; db/cntr_p2b.tdf                                                        ;
; db/dcfifo_14e1.tdf                                                     ;
; db/dcfifo_f1f1.tdf                                                     ;
; db/dcfifo_u7e1.tdf                                                     ;
; db/dffpipe_1v8.tdf                                                     ;
; db/dffpipe_2v8.tdf                                                     ;
; db/dffpipe_3v8.tdf                                                     ;
; db/dffpipe_4v8.tdf                                                     ;
; db/dffpipe_5v8.tdf                                                     ;
; db/dffpipe_tu8.tdf                                                     ;
; db/dffpipe_uu8.tdf                                                     ;
; db/DLX.(0).cnf.cdb                                                     ;
; db/DLX.(0).cnf.hdb                                                     ;
; db/DLX.(1).cnf.cdb                                                     ;
; db/DLX.(1).cnf.hdb                                                     ;
; db/DLX.(2).cnf.cdb                                                     ;
; db/DLX.(2).cnf.hdb                                                     ;
; db/DLX.(3).cnf.cdb                                                     ;
; db/DLX.(3).cnf.hdb                                                     ;
; db/DLX.(4).cnf.cdb                                                     ;
; db/DLX.(4).cnf.hdb                                                     ;
; db/DLX.(5).cnf.cdb                                                     ;
; db/DLX.(5).cnf.hdb                                                     ;
; db/DLX.(6).cnf.cdb                                                     ;
; db/DLX.(6).cnf.hdb                                                     ;
; db/DLX.(7).cnf.cdb                                                     ;
; db/DLX.(7).cnf.hdb                                                     ;
; db/DLX.(8).cnf.cdb                                                     ;
; db/DLX.(8).cnf.hdb                                                     ;
; db/DLX.(9).cnf.cdb                                                     ;
; db/DLX.(9).cnf.hdb                                                     ;
; db/DLX.(10).cnf.cdb                                                    ;
; db/DLX.(10).cnf.hdb                                                    ;
; db/DLX.(11).cnf.cdb                                                    ;
; db/DLX.(11).cnf.hdb                                                    ;
; db/DLX.(12).cnf.cdb                                                    ;
; db/DLX.(12).cnf.hdb                                                    ;
; db/DLX.(13).cnf.cdb                                                    ;
; db/DLX.(13).cnf.hdb                                                    ;
; db/DLX.(14).cnf.cdb                                                    ;
; db/DLX.(14).cnf.hdb                                                    ;
; db/DLX.(15).cnf.cdb                                                    ;
; db/DLX.(15).cnf.hdb                                                    ;
; db/DLX.(16).cnf.cdb                                                    ;
; db/DLX.(16).cnf.hdb                                                    ;
; db/DLX.(17).cnf.cdb                                                    ;
; db/DLX.(17).cnf.hdb                                                    ;
; db/DLX.(18).cnf.cdb                                                    ;
; db/DLX.(18).cnf.hdb                                                    ;
; db/DLX.(19).cnf.cdb                                                    ;
; db/DLX.(19).cnf.hdb                                                    ;
; db/DLX.(20).cnf.cdb                                                    ;
; db/DLX.(20).cnf.hdb                                                    ;
; db/DLX.(21).cnf.cdb                                                    ;
; db/DLX.(21).cnf.hdb                                                    ;
; db/DLX.(22).cnf.cdb                                                    ;
; db/DLX.(22).cnf.hdb                                                    ;
; db/DLX.(23).cnf.cdb                                                    ;
; db/DLX.(23).cnf.hdb                                                    ;
; db/DLX.(24).cnf.cdb                                                    ;
; db/DLX.(24).cnf.hdb                                                    ;
; db/DLX.(25).cnf.cdb                                                    ;
; db/DLX.(25).cnf.hdb                                                    ;
; db/DLX.(26).cnf.cdb                                                    ;
; db/DLX.(26).cnf.hdb                                                    ;
; db/DLX.(27).cnf.cdb                                                    ;
; db/DLX.(27).cnf.hdb                                                    ;
; db/DLX.(28).cnf.cdb                                                    ;
; db/DLX.(28).cnf.hdb                                                    ;
; db/DLX.(29).cnf.cdb                                                    ;
; db/DLX.(29).cnf.hdb                                                    ;
; db/DLX.(30).cnf.cdb                                                    ;
; db/DLX.(30).cnf.hdb                                                    ;
; db/DLX.(31).cnf.cdb                                                    ;
; db/DLX.(31).cnf.hdb                                                    ;
; db/DLX.(32).cnf.cdb                                                    ;
; db/DLX.(32).cnf.hdb                                                    ;
; db/DLX.(33).cnf.cdb                                                    ;
; db/DLX.(33).cnf.hdb                                                    ;
; db/DLX.(34).cnf.cdb                                                    ;
; db/DLX.(34).cnf.hdb                                                    ;
; db/DLX.(35).cnf.cdb                                                    ;
; db/DLX.(35).cnf.hdb                                                    ;
; db/DLX.(36).cnf.cdb                                                    ;
; db/DLX.(36).cnf.hdb                                                    ;
; db/DLX.(37).cnf.cdb                                                    ;
; db/DLX.(37).cnf.hdb                                                    ;
; db/DLX.(38).cnf.cdb                                                    ;
; db/DLX.(38).cnf.hdb                                                    ;
; db/DLX.(39).cnf.cdb                                                    ;
; db/DLX.(39).cnf.hdb                                                    ;
; db/DLX.(40).cnf.cdb                                                    ;
; db/DLX.(40).cnf.hdb                                                    ;
; db/DLX.(41).cnf.cdb                                                    ;
; db/DLX.(41).cnf.hdb                                                    ;
; db/DLX.(42).cnf.cdb                                                    ;
; db/DLX.(42).cnf.hdb                                                    ;
; db/DLX.(43).cnf.cdb                                                    ;
; db/DLX.(43).cnf.hdb                                                    ;
; db/DLX.(44).cnf.cdb                                                    ;
; db/DLX.(44).cnf.hdb                                                    ;
; db/DLX.(45).cnf.cdb                                                    ;
; db/DLX.(45).cnf.hdb                                                    ;
; db/DLX.(46).cnf.cdb                                                    ;
; db/DLX.(46).cnf.hdb                                                    ;
; db/DLX.(47).cnf.cdb                                                    ;
; db/DLX.(47).cnf.hdb                                                    ;
; db/DLX.(48).cnf.cdb                                                    ;
; db/DLX.(48).cnf.hdb                                                    ;
; db/DLX.(49).cnf.cdb                                                    ;
; db/DLX.(49).cnf.hdb                                                    ;
; db/DLX.(50).cnf.cdb                                                    ;
; db/DLX.(50).cnf.hdb                                                    ;
; db/DLX.(51).cnf.cdb                                                    ;
; db/DLX.(51).cnf.hdb                                                    ;
; db/DLX.(52).cnf.cdb                                                    ;
; db/DLX.(52).cnf.hdb                                                    ;
; db/DLX.(53).cnf.cdb                                                    ;
; db/DLX.(53).cnf.hdb                                                    ;
; db/DLX.(54).cnf.cdb                                                    ;
; db/DLX.(54).cnf.hdb                                                    ;
; db/DLX.(55).cnf.cdb                                                    ;
; db/DLX.(55).cnf.hdb                                                    ;
; db/DLX.(56).cnf.cdb                                                    ;
; db/DLX.(56).cnf.hdb                                                    ;
; db/DLX.(57).cnf.cdb                                                    ;
; db/DLX.(57).cnf.hdb                                                    ;
; db/DLX.(58).cnf.cdb                                                    ;
; db/DLX.(58).cnf.hdb                                                    ;
; db/DLX.(59).cnf.cdb                                                    ;
; db/DLX.(59).cnf.hdb                                                    ;
; db/DLX.(60).cnf.cdb                                                    ;
; db/DLX.(60).cnf.hdb                                                    ;
; db/DLX.(61).cnf.cdb                                                    ;
; db/DLX.(61).cnf.hdb                                                    ;
; db/DLX.(62).cnf.cdb                                                    ;
; db/DLX.(62).cnf.hdb                                                    ;
; db/DLX.(63).cnf.cdb                                                    ;
; db/DLX.(63).cnf.hdb                                                    ;
; db/DLX.(64).cnf.cdb                                                    ;
; db/DLX.(64).cnf.hdb                                                    ;
; db/DLX.(65).cnf.cdb                                                    ;
; db/DLX.(65).cnf.hdb                                                    ;
; db/DLX.(66).cnf.cdb                                                    ;
; db/DLX.(66).cnf.hdb                                                    ;
; db/DLX.(67).cnf.cdb                                                    ;
; db/DLX.(67).cnf.hdb                                                    ;
; db/DLX.(68).cnf.cdb                                                    ;
; db/DLX.(68).cnf.hdb                                                    ;
; db/DLX.(69).cnf.cdb                                                    ;
; db/DLX.(69).cnf.hdb                                                    ;
; db/DLX.(70).cnf.cdb                                                    ;
; db/DLX.(70).cnf.hdb                                                    ;
; db/DLX.(71).cnf.cdb                                                    ;
; db/DLX.(71).cnf.hdb                                                    ;
; db/DLX.(72).cnf.cdb                                                    ;
; db/DLX.(72).cnf.hdb                                                    ;
; db/DLX.(73).cnf.cdb                                                    ;
; db/DLX.(73).cnf.hdb                                                    ;
; db/DLX.(74).cnf.cdb                                                    ;
; db/DLX.(74).cnf.hdb                                                    ;
; db/DLX.(75).cnf.cdb                                                    ;
; db/DLX.(75).cnf.hdb                                                    ;
; db/DLX.(76).cnf.cdb                                                    ;
; db/DLX.(76).cnf.hdb                                                    ;
; db/DLX.(77).cnf.cdb                                                    ;
; db/DLX.(77).cnf.hdb                                                    ;
; db/DLX.(78).cnf.cdb                                                    ;
; db/DLX.(78).cnf.hdb                                                    ;
; db/DLX.(79).cnf.cdb                                                    ;
; db/DLX.(79).cnf.hdb                                                    ;
; db/DLX.(80).cnf.cdb                                                    ;
; db/DLX.(80).cnf.hdb                                                    ;
; db/DLX.(81).cnf.cdb                                                    ;
; db/DLX.(81).cnf.hdb                                                    ;
; db/DLX.(82).cnf.cdb                                                    ;
; db/DLX.(82).cnf.hdb                                                    ;
; db/DLX.(83).cnf.cdb                                                    ;
; db/DLX.(83).cnf.hdb                                                    ;
; db/DLX.(84).cnf.cdb                                                    ;
; db/DLX.(84).cnf.hdb                                                    ;
; db/DLX.(85).cnf.cdb                                                    ;
; db/DLX.(85).cnf.hdb                                                    ;
; db/DLX.(86).cnf.cdb                                                    ;
; db/DLX.(86).cnf.hdb                                                    ;
; db/DLX.(87).cnf.cdb                                                    ;
; db/DLX.(87).cnf.hdb                                                    ;
; db/DLX.(88).cnf.cdb                                                    ;
; db/DLX.(88).cnf.hdb                                                    ;
; db/DLX.(89).cnf.cdb                                                    ;
; db/DLX.(89).cnf.hdb                                                    ;
; db/DLX.(90).cnf.cdb                                                    ;
; db/DLX.(90).cnf.hdb                                                    ;
; db/DLX.(91).cnf.cdb                                                    ;
; db/DLX.(91).cnf.hdb                                                    ;
; db/DLX.(92).cnf.cdb                                                    ;
; db/DLX.(92).cnf.hdb                                                    ;
; db/DLX.(93).cnf.cdb                                                    ;
; db/DLX.(93).cnf.hdb                                                    ;
; db/DLX.(94).cnf.cdb                                                    ;
; db/DLX.(94).cnf.hdb                                                    ;
; db/DLX.(95).cnf.cdb                                                    ;
; db/DLX.(95).cnf.hdb                                                    ;
; db/DLX.(96).cnf.cdb                                                    ;
; db/DLX.(96).cnf.hdb                                                    ;
; db/DLX.(97).cnf.cdb                                                    ;
; db/DLX.(97).cnf.hdb                                                    ;
; db/DLX.(98).cnf.cdb                                                    ;
; db/DLX.(98).cnf.hdb                                                    ;
; db/DLX.(99).cnf.cdb                                                    ;
; db/DLX.(99).cnf.hdb                                                    ;
; db/DLX.(100).cnf.cdb                                                   ;
; db/DLX.(100).cnf.hdb                                                   ;
; db/DLX.(101).cnf.cdb                                                   ;
; db/DLX.(101).cnf.hdb                                                   ;
; db/DLX.(102).cnf.cdb                                                   ;
; db/DLX.(102).cnf.hdb                                                   ;
; db/DLX.(103).cnf.cdb                                                   ;
; db/DLX.(103).cnf.hdb                                                   ;
; db/DLX.(104).cnf.cdb                                                   ;
; db/DLX.(104).cnf.hdb                                                   ;
; db/DLX.(105).cnf.cdb                                                   ;
; db/DLX.(105).cnf.hdb                                                   ;
; db/DLX.(106).cnf.cdb                                                   ;
; db/DLX.(106).cnf.hdb                                                   ;
; db/DLX.(107).cnf.cdb                                                   ;
; db/DLX.(107).cnf.hdb                                                   ;
; db/DLX.(108).cnf.cdb                                                   ;
; db/DLX.(108).cnf.hdb                                                   ;
; db/DLX.(109).cnf.cdb                                                   ;
; db/DLX.(109).cnf.hdb                                                   ;
; db/DLX.(110).cnf.cdb                                                   ;
; db/DLX.(110).cnf.hdb                                                   ;
; db/DLX.(111).cnf.cdb                                                   ;
; db/DLX.(111).cnf.hdb                                                   ;
; db/DLX.(112).cnf.cdb                                                   ;
; db/DLX.(112).cnf.hdb                                                   ;
; db/DLX.(113).cnf.cdb                                                   ;
; db/DLX.(113).cnf.hdb                                                   ;
; db/DLX.(114).cnf.cdb                                                   ;
; db/DLX.(114).cnf.hdb                                                   ;
; db/DLX.(115).cnf.cdb                                                   ;
; db/DLX.(115).cnf.hdb                                                   ;
; db/DLX.(116).cnf.cdb                                                   ;
; db/DLX.(116).cnf.hdb                                                   ;
; db/DLX.(117).cnf.cdb                                                   ;
; db/DLX.(117).cnf.hdb                                                   ;
; db/DLX.(118).cnf.cdb                                                   ;
; db/DLX.(118).cnf.hdb                                                   ;
; db/DLX.(119).cnf.cdb                                                   ;
; db/DLX.(119).cnf.hdb                                                   ;
; db/DLX.(120).cnf.cdb                                                   ;
; db/DLX.(120).cnf.hdb                                                   ;
; db/DLX.(121).cnf.cdb                                                   ;
; db/DLX.(121).cnf.hdb                                                   ;
; db/DLX.(122).cnf.cdb                                                   ;
; db/DLX.(122).cnf.hdb                                                   ;
; db/DLX.(123).cnf.cdb                                                   ;
; db/DLX.(123).cnf.hdb                                                   ;
; db/DLX.(124).cnf.cdb                                                   ;
; db/DLX.(124).cnf.hdb                                                   ;
; db/DLX.(125).cnf.cdb                                                   ;
; db/DLX.(125).cnf.hdb                                                   ;
; db/DLX.(126).cnf.cdb                                                   ;
; db/DLX.(126).cnf.hdb                                                   ;
; db/DLX.(127).cnf.cdb                                                   ;
; db/DLX.(127).cnf.hdb                                                   ;
; db/DLX.(128).cnf.cdb                                                   ;
; db/DLX.(128).cnf.hdb                                                   ;
; db/DLX.(129).cnf.cdb                                                   ;
; db/DLX.(129).cnf.hdb                                                   ;
; db/DLX.(130).cnf.cdb                                                   ;
; db/DLX.(130).cnf.hdb                                                   ;
; db/DLX.(131).cnf.cdb                                                   ;
; db/DLX.(131).cnf.hdb                                                   ;
; db/DLX.(132).cnf.cdb                                                   ;
; db/DLX.(132).cnf.hdb                                                   ;
; db/DLX.(133).cnf.cdb                                                   ;
; db/DLX.(133).cnf.hdb                                                   ;
; db/DLX.(134).cnf.cdb                                                   ;
; db/DLX.(134).cnf.hdb                                                   ;
; db/DLX.(135).cnf.cdb                                                   ;
; db/DLX.(135).cnf.hdb                                                   ;
; db/DLX.(136).cnf.cdb                                                   ;
; db/DLX.(136).cnf.hdb                                                   ;
; db/DLX.(137).cnf.cdb                                                   ;
; db/DLX.(137).cnf.hdb                                                   ;
; db/DLX.(138).cnf.cdb                                                   ;
; db/DLX.(138).cnf.hdb                                                   ;
; db/DLX.(139).cnf.cdb                                                   ;
; db/DLX.(139).cnf.hdb                                                   ;
; db/DLX.(140).cnf.cdb                                                   ;
; db/DLX.(140).cnf.hdb                                                   ;
; db/DLX.(141).cnf.cdb                                                   ;
; db/DLX.(141).cnf.hdb                                                   ;
; db/DLX.(142).cnf.cdb                                                   ;
; db/DLX.(142).cnf.hdb                                                   ;
; db/DLX.(143).cnf.cdb                                                   ;
; db/DLX.(143).cnf.hdb                                                   ;
; db/DLX.(144).cnf.cdb                                                   ;
; db/DLX.(144).cnf.hdb                                                   ;
; db/DLX.(145).cnf.cdb                                                   ;
; db/DLX.(145).cnf.hdb                                                   ;
; db/DLX.(146).cnf.cdb                                                   ;
; db/DLX.(146).cnf.hdb                                                   ;
; db/DLX.(147).cnf.cdb                                                   ;
; db/DLX.(147).cnf.hdb                                                   ;
; db/DLX.(148).cnf.cdb                                                   ;
; db/DLX.(148).cnf.hdb                                                   ;
; db/DLX.(149).cnf.cdb                                                   ;
; db/DLX.(149).cnf.hdb                                                   ;
; db/DLX.(150).cnf.cdb                                                   ;
; db/DLX.(150).cnf.hdb                                                   ;
; db/DLX.(151).cnf.cdb                                                   ;
; db/DLX.(151).cnf.hdb                                                   ;
; db/DLX.(152).cnf.cdb                                                   ;
; db/DLX.(152).cnf.hdb                                                   ;
; db/DLX.(153).cnf.cdb                                                   ;
; db/DLX.(153).cnf.hdb                                                   ;
; db/DLX.(154).cnf.cdb                                                   ;
; db/DLX.(154).cnf.hdb                                                   ;
; db/DLX.(155).cnf.cdb                                                   ;
; db/DLX.(155).cnf.hdb                                                   ;
; db/DLX.(156).cnf.cdb                                                   ;
; db/DLX.(156).cnf.hdb                                                   ;
; db/DLX.(157).cnf.cdb                                                   ;
; db/DLX.(157).cnf.hdb                                                   ;
; db/DLX.(158).cnf.cdb                                                   ;
; db/DLX.(158).cnf.hdb                                                   ;
; db/DLX.(159).cnf.cdb                                                   ;
; db/DLX.(159).cnf.hdb                                                   ;
; db/DLX.(160).cnf.cdb                                                   ;
; db/DLX.(160).cnf.hdb                                                   ;
; db/DLX.(161).cnf.cdb                                                   ;
; db/DLX.(161).cnf.hdb                                                   ;
; db/DLX.(162).cnf.cdb                                                   ;
; db/DLX.(162).cnf.hdb                                                   ;
; db/DLX.(163).cnf.cdb                                                   ;
; db/DLX.(163).cnf.hdb                                                   ;
; db/DLX.(164).cnf.cdb                                                   ;
; db/DLX.(164).cnf.hdb                                                   ;
; db/DLX.(165).cnf.cdb                                                   ;
; db/DLX.(165).cnf.hdb                                                   ;
; db/DLX.(166).cnf.cdb                                                   ;
; db/DLX.(166).cnf.hdb                                                   ;
; db/DLX.(167).cnf.cdb                                                   ;
; db/DLX.(167).cnf.hdb                                                   ;
; db/DLX.(168).cnf.cdb                                                   ;
; db/DLX.(168).cnf.hdb                                                   ;
; db/DLX.(169).cnf.cdb                                                   ;
; db/DLX.(169).cnf.hdb                                                   ;
; db/DLX.(170).cnf.cdb                                                   ;
; db/DLX.(170).cnf.hdb                                                   ;
; db/DLX.(171).cnf.cdb                                                   ;
; db/DLX.(171).cnf.hdb                                                   ;
; db/DLX.(172).cnf.cdb                                                   ;
; db/DLX.(172).cnf.hdb                                                   ;
; db/DLX.(173).cnf.cdb                                                   ;
; db/DLX.(173).cnf.hdb                                                   ;
; db/DLX.(174).cnf.cdb                                                   ;
; db/DLX.(174).cnf.hdb                                                   ;
; db/DLX.(175).cnf.cdb                                                   ;
; db/DLX.(175).cnf.hdb                                                   ;
; db/DLX.(176).cnf.cdb                                                   ;
; db/DLX.(176).cnf.hdb                                                   ;
; db/DLX.(177).cnf.cdb                                                   ;
; db/DLX.(177).cnf.hdb                                                   ;
; db/DLX.(178).cnf.cdb                                                   ;
; db/DLX.(178).cnf.hdb                                                   ;
; db/DLX.(179).cnf.cdb                                                   ;
; db/DLX.(179).cnf.hdb                                                   ;
; db/DLX.(180).cnf.cdb                                                   ;
; db/DLX.(180).cnf.hdb                                                   ;
; db/DLX.(181).cnf.cdb                                                   ;
; db/DLX.(181).cnf.hdb                                                   ;
; db/DLX.(182).cnf.cdb                                                   ;
; db/DLX.(182).cnf.hdb                                                   ;
; db/DLX.(183).cnf.cdb                                                   ;
; db/DLX.(183).cnf.hdb                                                   ;
; db/DLX.(184).cnf.cdb                                                   ;
; db/DLX.(184).cnf.hdb                                                   ;
; db/DLX.(185).cnf.cdb                                                   ;
; db/DLX.(185).cnf.hdb                                                   ;
; db/DLX.(186).cnf.cdb                                                   ;
; db/DLX.(186).cnf.hdb                                                   ;
; db/DLX.(187).cnf.cdb                                                   ;
; db/DLX.(187).cnf.hdb                                                   ;
; db/DLX.(188).cnf.cdb                                                   ;
; db/DLX.(188).cnf.hdb                                                   ;
; db/DLX.(189).cnf.cdb                                                   ;
; db/DLX.(189).cnf.hdb                                                   ;
; db/DLX.(190).cnf.cdb                                                   ;
; db/DLX.(190).cnf.hdb                                                   ;
; db/DLX.(191).cnf.cdb                                                   ;
; db/DLX.(191).cnf.hdb                                                   ;
; db/DLX.(192).cnf.cdb                                                   ;
; db/DLX.(192).cnf.hdb                                                   ;
; db/DLX.(193).cnf.cdb                                                   ;
; db/DLX.(193).cnf.hdb                                                   ;
; db/DLX.(194).cnf.cdb                                                   ;
; db/DLX.(194).cnf.hdb                                                   ;
; db/DLX.(195).cnf.cdb                                                   ;
; db/DLX.(195).cnf.hdb                                                   ;
; db/DLX.(196).cnf.cdb                                                   ;
; db/DLX.(196).cnf.hdb                                                   ;
; db/DLX.(197).cnf.cdb                                                   ;
; db/DLX.(197).cnf.hdb                                                   ;
; db/DLX.(198).cnf.cdb                                                   ;
; db/DLX.(198).cnf.hdb                                                   ;
; db/DLX.(199).cnf.cdb                                                   ;
; db/DLX.(199).cnf.hdb                                                   ;
; db/DLX.(200).cnf.cdb                                                   ;
; db/DLX.(200).cnf.hdb                                                   ;
; db/DLX.(201).cnf.cdb                                                   ;
; db/DLX.(201).cnf.hdb                                                   ;
; db/DLX.(202).cnf.cdb                                                   ;
; db/DLX.(202).cnf.hdb                                                   ;
; db/DLX.(203).cnf.cdb                                                   ;
; db/DLX.(203).cnf.hdb                                                   ;
; db/DLX.(204).cnf.cdb                                                   ;
; db/DLX.(204).cnf.hdb                                                   ;
; db/DLX.(205).cnf.cdb                                                   ;
; db/DLX.(205).cnf.hdb                                                   ;
; db/DLX.(206).cnf.cdb                                                   ;
; db/DLX.(206).cnf.hdb                                                   ;
; db/DLX.(207).cnf.cdb                                                   ;
; db/DLX.(207).cnf.hdb                                                   ;
; db/DLX.(208).cnf.cdb                                                   ;
; db/DLX.(208).cnf.hdb                                                   ;
; db/DLX.(209).cnf.cdb                                                   ;
; db/DLX.(209).cnf.hdb                                                   ;
; db/DLX.(210).cnf.cdb                                                   ;
; db/DLX.(210).cnf.hdb                                                   ;
; db/DLX.(211).cnf.cdb                                                   ;
; db/DLX.(211).cnf.hdb                                                   ;
; db/DLX.(212).cnf.cdb                                                   ;
; db/DLX.(212).cnf.hdb                                                   ;
; db/DLX.(213).cnf.cdb                                                   ;
; db/DLX.(213).cnf.hdb                                                   ;
; db/DLX.(214).cnf.cdb                                                   ;
; db/DLX.(214).cnf.hdb                                                   ;
; db/DLX.(215).cnf.cdb                                                   ;
; db/DLX.(215).cnf.hdb                                                   ;
; db/DLX.(216).cnf.cdb                                                   ;
; db/DLX.(216).cnf.hdb                                                   ;
; db/DLX.(217).cnf.cdb                                                   ;
; db/DLX.(217).cnf.hdb                                                   ;
; db/DLX.(218).cnf.cdb                                                   ;
; db/DLX.(218).cnf.hdb                                                   ;
; db/DLX.(219).cnf.cdb                                                   ;
; db/DLX.(219).cnf.hdb                                                   ;
; db/DLX.(220).cnf.cdb                                                   ;
; db/DLX.(220).cnf.hdb                                                   ;
; db/DLX.(221).cnf.cdb                                                   ;
; db/DLX.(221).cnf.hdb                                                   ;
; db/DLX.(222).cnf.cdb                                                   ;
; db/DLX.(222).cnf.hdb                                                   ;
; db/DLX.(223).cnf.cdb                                                   ;
; db/DLX.(223).cnf.hdb                                                   ;
; db/DLX.(224).cnf.cdb                                                   ;
; db/DLX.(224).cnf.hdb                                                   ;
; db/DLX.(225).cnf.cdb                                                   ;
; db/DLX.(225).cnf.hdb                                                   ;
; db/DLX.(226).cnf.cdb                                                   ;
; db/DLX.(226).cnf.hdb                                                   ;
; db/DLX.(227).cnf.cdb                                                   ;
; db/DLX.(227).cnf.hdb                                                   ;
; db/DLX.(228).cnf.cdb                                                   ;
; db/DLX.(228).cnf.hdb                                                   ;
; db/DLX.(229).cnf.cdb                                                   ;
; db/DLX.(229).cnf.hdb                                                   ;
; db/DLX.(230).cnf.cdb                                                   ;
; db/DLX.(230).cnf.hdb                                                   ;
; db/DLX.(231).cnf.cdb                                                   ;
; db/DLX.(231).cnf.hdb                                                   ;
; db/DLX.(232).cnf.cdb                                                   ;
; db/DLX.(232).cnf.hdb                                                   ;
; db/DLX.(233).cnf.cdb                                                   ;
; db/DLX.(233).cnf.hdb                                                   ;
; db/DLX.(234).cnf.cdb                                                   ;
; db/DLX.(234).cnf.hdb                                                   ;
; db/DLX.(235).cnf.cdb                                                   ;
; db/DLX.(235).cnf.hdb                                                   ;
; db/DLX.(236).cnf.cdb                                                   ;
; db/DLX.(236).cnf.hdb                                                   ;
; db/DLX.(237).cnf.cdb                                                   ;
; db/DLX.(237).cnf.hdb                                                   ;
; db/DLX.(238).cnf.cdb                                                   ;
; db/DLX.(238).cnf.hdb                                                   ;
; db/DLX.(239).cnf.cdb                                                   ;
; db/DLX.(239).cnf.hdb                                                   ;
; db/DLX.(240).cnf.cdb                                                   ;
; db/DLX.(240).cnf.hdb                                                   ;
; db/DLX.(241).cnf.cdb                                                   ;
; db/DLX.(241).cnf.hdb                                                   ;
; db/DLX.(242).cnf.cdb                                                   ;
; db/DLX.(242).cnf.hdb                                                   ;
; db/DLX.(243).cnf.cdb                                                   ;
; db/DLX.(243).cnf.hdb                                                   ;
; db/DLX.(244).cnf.cdb                                                   ;
; db/DLX.(244).cnf.hdb                                                   ;
; db/DLX.(245).cnf.cdb                                                   ;
; db/DLX.(245).cnf.hdb                                                   ;
; db/DLX.(246).cnf.cdb                                                   ;
; db/DLX.(246).cnf.hdb                                                   ;
; db/DLX.(247).cnf.cdb                                                   ;
; db/DLX.(247).cnf.hdb                                                   ;
; db/DLX.(248).cnf.cdb                                                   ;
; db/DLX.(248).cnf.hdb                                                   ;
; db/DLX.(249).cnf.cdb                                                   ;
; db/DLX.(249).cnf.hdb                                                   ;
; db/DLX.(250).cnf.cdb                                                   ;
; db/DLX.(250).cnf.hdb                                                   ;
; db/DLX.(251).cnf.cdb                                                   ;
; db/DLX.(251).cnf.hdb                                                   ;
; db/DLX.(252).cnf.cdb                                                   ;
; db/DLX.(252).cnf.hdb                                                   ;
; db/DLX.(253).cnf.cdb                                                   ;
; db/DLX.(253).cnf.hdb                                                   ;
; db/DLX.(254).cnf.cdb                                                   ;
; db/DLX.(254).cnf.hdb                                                   ;
; db/DLX.(255).cnf.cdb                                                   ;
; db/DLX.(255).cnf.hdb                                                   ;
; db/DLX.(256).cnf.cdb                                                   ;
; db/DLX.(256).cnf.hdb                                                   ;
; db/DLX.(257).cnf.cdb                                                   ;
; db/DLX.(257).cnf.hdb                                                   ;
; db/DLX.(258).cnf.cdb                                                   ;
; db/DLX.(258).cnf.hdb                                                   ;
; db/DLX.(259).cnf.cdb                                                   ;
; db/DLX.(259).cnf.hdb                                                   ;
; db/DLX.(260).cnf.cdb                                                   ;
; db/DLX.(260).cnf.hdb                                                   ;
; db/DLX.(261).cnf.cdb                                                   ;
; db/DLX.(261).cnf.hdb                                                   ;
; db/DLX.(262).cnf.cdb                                                   ;
; db/DLX.(262).cnf.hdb                                                   ;
; db/DLX.(263).cnf.cdb                                                   ;
; db/DLX.(263).cnf.hdb                                                   ;
; db/DLX.(264).cnf.cdb                                                   ;
; db/DLX.(264).cnf.hdb                                                   ;
; db/DLX.(265).cnf.cdb                                                   ;
; db/DLX.(265).cnf.hdb                                                   ;
; db/DLX.(266).cnf.cdb                                                   ;
; db/DLX.(266).cnf.hdb                                                   ;
; db/DLX.(267).cnf.cdb                                                   ;
; db/DLX.(267).cnf.hdb                                                   ;
; db/DLX.(268).cnf.cdb                                                   ;
; db/DLX.(268).cnf.hdb                                                   ;
; db/DLX.(269).cnf.cdb                                                   ;
; db/DLX.(269).cnf.hdb                                                   ;
; db/DLX.(270).cnf.cdb                                                   ;
; db/DLX.(270).cnf.hdb                                                   ;
; db/DLX.(271).cnf.cdb                                                   ;
; db/DLX.(271).cnf.hdb                                                   ;
; db/DLX.(272).cnf.cdb                                                   ;
; db/DLX.(272).cnf.hdb                                                   ;
; db/DLX.(273).cnf.cdb                                                   ;
; db/DLX.(273).cnf.hdb                                                   ;
; db/DLX.(274).cnf.cdb                                                   ;
; db/DLX.(274).cnf.hdb                                                   ;
; db/DLX.(275).cnf.cdb                                                   ;
; db/DLX.(275).cnf.hdb                                                   ;
; db/DLX.(276).cnf.cdb                                                   ;
; db/DLX.(276).cnf.hdb                                                   ;
; db/DLX.(277).cnf.cdb                                                   ;
; db/DLX.(277).cnf.hdb                                                   ;
; db/DLX.(278).cnf.cdb                                                   ;
; db/DLX.(278).cnf.hdb                                                   ;
; db/DLX.(279).cnf.cdb                                                   ;
; db/DLX.(279).cnf.hdb                                                   ;
; db/DLX.(280).cnf.cdb                                                   ;
; db/DLX.(280).cnf.hdb                                                   ;
; db/DLX.(281).cnf.cdb                                                   ;
; db/DLX.(281).cnf.hdb                                                   ;
; db/DLX.(282).cnf.cdb                                                   ;
; db/DLX.(282).cnf.hdb                                                   ;
; db/DLX.(283).cnf.cdb                                                   ;
; db/DLX.(283).cnf.hdb                                                   ;
; db/DLX.(284).cnf.cdb                                                   ;
; db/DLX.(284).cnf.hdb                                                   ;
; db/DLX.(285).cnf.cdb                                                   ;
; db/DLX.(285).cnf.hdb                                                   ;
; db/DLX.(286).cnf.cdb                                                   ;
; db/DLX.(286).cnf.hdb                                                   ;
; db/DLX.(287).cnf.cdb                                                   ;
; db/DLX.(287).cnf.hdb                                                   ;
; db/DLX.(288).cnf.cdb                                                   ;
; db/DLX.(288).cnf.hdb                                                   ;
; db/DLX.(289).cnf.cdb                                                   ;
; db/DLX.(289).cnf.hdb                                                   ;
; db/DLX.(290).cnf.cdb                                                   ;
; db/DLX.(290).cnf.hdb                                                   ;
; db/DLX.(291).cnf.cdb                                                   ;
; db/DLX.(291).cnf.hdb                                                   ;
; db/DLX.(292).cnf.cdb                                                   ;
; db/DLX.(292).cnf.hdb                                                   ;
; db/DLX.(293).cnf.cdb                                                   ;
; db/DLX.(293).cnf.hdb                                                   ;
; db/DLX.(294).cnf.cdb                                                   ;
; db/DLX.(294).cnf.hdb                                                   ;
; db/DLX.(295).cnf.cdb                                                   ;
; db/DLX.(295).cnf.hdb                                                   ;
; db/DLX.(296).cnf.cdb                                                   ;
; db/DLX.(296).cnf.hdb                                                   ;
; db/DLX.(297).cnf.cdb                                                   ;
; db/DLX.(297).cnf.hdb                                                   ;
; db/DLX.(298).cnf.cdb                                                   ;
; db/DLX.(298).cnf.hdb                                                   ;
; db/DLX.(299).cnf.cdb                                                   ;
; db/DLX.(299).cnf.hdb                                                   ;
; db/DLX.(300).cnf.cdb                                                   ;
; db/DLX.(300).cnf.hdb                                                   ;
; db/DLX.(301).cnf.cdb                                                   ;
; db/DLX.(301).cnf.hdb                                                   ;
; db/DLX.(302).cnf.cdb                                                   ;
; db/DLX.(302).cnf.hdb                                                   ;
; db/DLX.(303).cnf.cdb                                                   ;
; db/DLX.(303).cnf.hdb                                                   ;
; db/DLX.(304).cnf.cdb                                                   ;
; db/DLX.(304).cnf.hdb                                                   ;
; db/DLX.(305).cnf.cdb                                                   ;
; db/DLX.(305).cnf.hdb                                                   ;
; db/DLX.(306).cnf.cdb                                                   ;
; db/DLX.(306).cnf.hdb                                                   ;
; db/DLX.(307).cnf.cdb                                                   ;
; db/DLX.(307).cnf.hdb                                                   ;
; db/DLX.(308).cnf.cdb                                                   ;
; db/DLX.(308).cnf.hdb                                                   ;
; db/DLX.(309).cnf.cdb                                                   ;
; db/DLX.(309).cnf.hdb                                                   ;
; db/DLX.(310).cnf.cdb                                                   ;
; db/DLX.(310).cnf.hdb                                                   ;
; db/DLX.(311).cnf.cdb                                                   ;
; db/DLX.(311).cnf.hdb                                                   ;
; db/DLX.(312).cnf.cdb                                                   ;
; db/DLX.(312).cnf.hdb                                                   ;
; db/DLX.(313).cnf.cdb                                                   ;
; db/DLX.(313).cnf.hdb                                                   ;
; db/DLX.(314).cnf.cdb                                                   ;
; db/DLX.(314).cnf.hdb                                                   ;
; db/DLX.(315).cnf.cdb                                                   ;
; db/DLX.(315).cnf.hdb                                                   ;
; db/DLX.(316).cnf.cdb                                                   ;
; db/DLX.(316).cnf.hdb                                                   ;
; db/DLX.(317).cnf.cdb                                                   ;
; db/DLX.(317).cnf.hdb                                                   ;
; db/DLX.(318).cnf.cdb                                                   ;
; db/DLX.(318).cnf.hdb                                                   ;
; db/DLX.(319).cnf.cdb                                                   ;
; db/DLX.(319).cnf.hdb                                                   ;
; db/DLX.(320).cnf.cdb                                                   ;
; db/DLX.(320).cnf.hdb                                                   ;
; db/DLX.(321).cnf.cdb                                                   ;
; db/DLX.(321).cnf.hdb                                                   ;
; db/DLX.(322).cnf.cdb                                                   ;
; db/DLX.(322).cnf.hdb                                                   ;
; db/DLX.(323).cnf.cdb                                                   ;
; db/DLX.(323).cnf.hdb                                                   ;
; db/DLX.(324).cnf.cdb                                                   ;
; db/DLX.(324).cnf.hdb                                                   ;
; db/DLX.(325).cnf.cdb                                                   ;
; db/DLX.(325).cnf.hdb                                                   ;
; db/DLX.(326).cnf.cdb                                                   ;
; db/DLX.(326).cnf.hdb                                                   ;
; db/DLX.(327).cnf.cdb                                                   ;
; db/DLX.(327).cnf.hdb                                                   ;
; db/DLX.(328).cnf.cdb                                                   ;
; db/DLX.(328).cnf.hdb                                                   ;
; db/DLX.(329).cnf.cdb                                                   ;
; db/DLX.(329).cnf.hdb                                                   ;
; db/DLX.(330).cnf.cdb                                                   ;
; db/DLX.(330).cnf.hdb                                                   ;
; db/DLX.(331).cnf.cdb                                                   ;
; db/DLX.(331).cnf.hdb                                                   ;
; db/DLX.(332).cnf.cdb                                                   ;
; db/DLX.(332).cnf.hdb                                                   ;
; db/DLX.(333).cnf.cdb                                                   ;
; db/DLX.(333).cnf.hdb                                                   ;
; db/DLX.(334).cnf.cdb                                                   ;
; db/DLX.(334).cnf.hdb                                                   ;
; db/DLX.(335).cnf.cdb                                                   ;
; db/DLX.(335).cnf.hdb                                                   ;
; db/DLX.(336).cnf.cdb                                                   ;
; db/DLX.(336).cnf.hdb                                                   ;
; db/DLX.(337).cnf.cdb                                                   ;
; db/DLX.(337).cnf.hdb                                                   ;
; db/DLX.(338).cnf.cdb                                                   ;
; db/DLX.(338).cnf.hdb                                                   ;
; db/DLX.(339).cnf.cdb                                                   ;
; db/DLX.(339).cnf.hdb                                                   ;
; db/DLX.(340).cnf.cdb                                                   ;
; db/DLX.(340).cnf.hdb                                                   ;
; db/DLX.(341).cnf.cdb                                                   ;
; db/DLX.(341).cnf.hdb                                                   ;
; db/DLX.(342).cnf.cdb                                                   ;
; db/DLX.(342).cnf.hdb                                                   ;
; db/DLX.(343).cnf.cdb                                                   ;
; db/DLX.(343).cnf.hdb                                                   ;
; db/DLX.(344).cnf.cdb                                                   ;
; db/DLX.(344).cnf.hdb                                                   ;
; db/DLX.(345).cnf.cdb                                                   ;
; db/DLX.(345).cnf.hdb                                                   ;
; db/DLX.(346).cnf.cdb                                                   ;
; db/DLX.(346).cnf.hdb                                                   ;
; db/DLX.(347).cnf.cdb                                                   ;
; db/DLX.(347).cnf.hdb                                                   ;
; db/DLX.(348).cnf.cdb                                                   ;
; db/DLX.(348).cnf.hdb                                                   ;
; db/DLX.(349).cnf.cdb                                                   ;
; db/DLX.(349).cnf.hdb                                                   ;
; db/DLX.(350).cnf.cdb                                                   ;
; db/DLX.(350).cnf.hdb                                                   ;
; db/DLX.(351).cnf.cdb                                                   ;
; db/DLX.(351).cnf.hdb                                                   ;
; db/DLX.(352).cnf.cdb                                                   ;
; db/DLX.(352).cnf.hdb                                                   ;
; db/DLX.(353).cnf.cdb                                                   ;
; db/DLX.(353).cnf.hdb                                                   ;
; db/DLX.(354).cnf.cdb                                                   ;
; db/DLX.(354).cnf.hdb                                                   ;
; db/DLX.(355).cnf.cdb                                                   ;
; db/DLX.(355).cnf.hdb                                                   ;
; db/DLX.(356).cnf.cdb                                                   ;
; db/DLX.(356).cnf.hdb                                                   ;
; db/DLX.(357).cnf.cdb                                                   ;
; db/DLX.(357).cnf.hdb                                                   ;
; db/DLX.(358).cnf.cdb                                                   ;
; db/DLX.(358).cnf.hdb                                                   ;
; db/DLX.(359).cnf.cdb                                                   ;
; db/DLX.(359).cnf.hdb                                                   ;
; db/DLX.(360).cnf.cdb                                                   ;
; db/DLX.(360).cnf.hdb                                                   ;
; db/DLX.(361).cnf.cdb                                                   ;
; db/DLX.(361).cnf.hdb                                                   ;
; db/DLX.(362).cnf.cdb                                                   ;
; db/DLX.(362).cnf.hdb                                                   ;
; db/DLX.(363).cnf.cdb                                                   ;
; db/DLX.(363).cnf.hdb                                                   ;
; db/DLX.(364).cnf.cdb                                                   ;
; db/DLX.(364).cnf.hdb                                                   ;
; db/DLX.(365).cnf.cdb                                                   ;
; db/DLX.(365).cnf.hdb                                                   ;
; db/DLX.(366).cnf.cdb                                                   ;
; db/DLX.(366).cnf.hdb                                                   ;
; db/DLX.(367).cnf.cdb                                                   ;
; db/DLX.(367).cnf.hdb                                                   ;
; db/DLX.(368).cnf.cdb                                                   ;
; db/DLX.(368).cnf.hdb                                                   ;
; db/DLX.(369).cnf.cdb                                                   ;
; db/DLX.(369).cnf.hdb                                                   ;
; db/DLX.(370).cnf.cdb                                                   ;
; db/DLX.(370).cnf.hdb                                                   ;
; db/DLX.(371).cnf.cdb                                                   ;
; db/DLX.(371).cnf.hdb                                                   ;
; db/DLX.(372).cnf.cdb                                                   ;
; db/DLX.(372).cnf.hdb                                                   ;
; db/DLX.(373).cnf.cdb                                                   ;
; db/DLX.(373).cnf.hdb                                                   ;
; db/DLX.(374).cnf.cdb                                                   ;
; db/DLX.(374).cnf.hdb                                                   ;
; db/DLX.(375).cnf.cdb                                                   ;
; db/DLX.(375).cnf.hdb                                                   ;
; db/DLX.(376).cnf.cdb                                                   ;
; db/DLX.(376).cnf.hdb                                                   ;
; db/DLX.(377).cnf.cdb                                                   ;
; db/DLX.(377).cnf.hdb                                                   ;
; db/DLX.(378).cnf.cdb                                                   ;
; db/DLX.(378).cnf.hdb                                                   ;
; db/DLX.(379).cnf.cdb                                                   ;
; db/DLX.(379).cnf.hdb                                                   ;
; db/DLX.(380).cnf.cdb                                                   ;
; db/DLX.(380).cnf.hdb                                                   ;
; db/DLX.(381).cnf.cdb                                                   ;
; db/DLX.(381).cnf.hdb                                                   ;
; db/DLX.(382).cnf.cdb                                                   ;
; db/DLX.(382).cnf.hdb                                                   ;
; db/DLX.(383).cnf.cdb                                                   ;
; db/DLX.(383).cnf.hdb                                                   ;
; db/DLX.(384).cnf.cdb                                                   ;
; db/DLX.(384).cnf.hdb                                                   ;
; db/DLX.(385).cnf.cdb                                                   ;
; db/DLX.(385).cnf.hdb                                                   ;
; db/DLX.(386).cnf.cdb                                                   ;
; db/DLX.(386).cnf.hdb                                                   ;
; db/DLX.(387).cnf.cdb                                                   ;
; db/DLX.(387).cnf.hdb                                                   ;
; db/DLX.(388).cnf.cdb                                                   ;
; db/DLX.(388).cnf.hdb                                                   ;
; db/DLX.(389).cnf.cdb                                                   ;
; db/DLX.(389).cnf.hdb                                                   ;
; db/DLX.(390).cnf.cdb                                                   ;
; db/DLX.(390).cnf.hdb                                                   ;
; db/DLX.(391).cnf.cdb                                                   ;
; db/DLX.(391).cnf.hdb                                                   ;
; db/DLX.(392).cnf.cdb                                                   ;
; db/DLX.(392).cnf.hdb                                                   ;
; db/DLX.(393).cnf.cdb                                                   ;
; db/DLX.(393).cnf.hdb                                                   ;
; db/DLX.(394).cnf.cdb                                                   ;
; db/DLX.(394).cnf.hdb                                                   ;
; db/DLX.(395).cnf.cdb                                                   ;
; db/DLX.(395).cnf.hdb                                                   ;
; db/DLX.(396).cnf.cdb                                                   ;
; db/DLX.(396).cnf.hdb                                                   ;
; db/DLX.(397).cnf.cdb                                                   ;
; db/DLX.(397).cnf.hdb                                                   ;
; db/DLX.(398).cnf.cdb                                                   ;
; db/DLX.(398).cnf.hdb                                                   ;
; db/DLX.(399).cnf.cdb                                                   ;
; db/DLX.(399).cnf.hdb                                                   ;
; db/DLX.(400).cnf.cdb                                                   ;
; db/DLX.(400).cnf.hdb                                                   ;
; db/DLX.(401).cnf.cdb                                                   ;
; db/DLX.(401).cnf.hdb                                                   ;
; db/DLX.(402).cnf.cdb                                                   ;
; db/DLX.(402).cnf.hdb                                                   ;
; db/DLX.(403).cnf.cdb                                                   ;
; db/DLX.(403).cnf.hdb                                                   ;
; db/DLX.(404).cnf.cdb                                                   ;
; db/DLX.(404).cnf.hdb                                                   ;
; db/DLX.(405).cnf.cdb                                                   ;
; db/DLX.(405).cnf.hdb                                                   ;
; db/DLX.ace_cmp.bpm                                                     ;
; db/DLX.ace_cmp.cdb                                                     ;
; db/DLX.ace_cmp.hdb                                                     ;
; db/DLX.archive.qmsg                                                    ;
; db/DLX.asm.qmsg                                                        ;
; db/DLX.asm.rdb                                                         ;
; db/DLX.asm_labs.ddb                                                    ;
; db/DLX.autoh_e40e1.map.reg_db.cdb                                      ;
; db/DLX.autos_3e921.map.reg_db.cdb                                      ;
; db/DLX.cbx.xml                                                         ;
; db/DLX.cmp.bpm                                                         ;
; db/DLX.cmp.cdb                                                         ;
; db/DLX.cmp.hdb                                                         ;
; db/DLX.cmp.idb                                                         ;
; db/DLX.cmp.logdb                                                       ;
; db/DLX.cmp.rdb                                                         ;
; db/DLX.cmp_merge.kpt                                                   ;
; db/DLX.db_info                                                         ;
; db/DLX.dse1.rcomp.db                                                   ;
; db/DLX.dse1.rcomp.db-shm                                               ;
; db/DLX.dse1.rcomp.db-wal                                               ;
; db/DLX.eco.cdb                                                         ;
; db/DLX.fit.qmsg                                                        ;
; db/DLX.hier_info                                                       ;
; db/DLX.hif                                                             ;
; db/DLX.lpc.html                                                        ;
; db/DLX.lpc.rdb                                                         ;
; db/DLX.lpc.txt                                                         ;
; db/DLX.map.ammdb                                                       ;
; db/DLX.map.bpm                                                         ;
; db/DLX.map.cdb                                                         ;
; db/DLX.map.hdb                                                         ;
; db/DLX.map.kpt                                                         ;
; db/DLX.map.logdb                                                       ;
; db/DLX.map.qmsg                                                        ;
; db/DLX.map.rdb                                                         ;
; db/DLX.map_bb.cdb                                                      ;
; db/DLX.map_bb.hdb                                                      ;
; db/DLX.map_bb.logdb                                                    ;
; db/DLX.pre_map.hdb                                                     ;
; db/DLX.ram0_print_FSM_25549603.hdl.mif                                 ;
; db/DLX.ram0_registers_6989617c.hdl.mif                                 ;
; db/dlx.ram0_registers_6989617c.hdl.mif                                 ;
; db/DLX.root_partition.map.reg_db.cdb                                   ;
; db/DLX.routing.rdb                                                     ;
; db/DLX.rtlv.hdb                                                        ;
; db/DLX.rtlv_sg.cdb                                                     ;
; db/DLX.rtlv_sg_swap.cdb                                                ;
; db/DLX.sld_design_entry.sci                                            ;
; db/DLX.sld_design_entry_dsc.sci                                        ;
; db/DLX.smart_action.txt                                                ;
; db/DLX.smp_dump.txt                                                    ;
; db/DLX.sta.qmsg                                                        ;
; db/DLX.sta.rdb                                                         ;
; db/DLX.sta_cmp.7_slow_1200mv_85c.tdb                                   ;
; db/DLX.taw.rdb                                                         ;
; db/DLX.tis_db_list.ddb                                                 ;
; db/DLX.tiscmp.fast_1200mv_0c.ddb                                       ;
; db/DLX.tiscmp.fastest_slow_1200mv_0c.ddb                               ;
; db/DLX.tiscmp.fastest_slow_1200mv_85c.ddb                              ;
; db/DLX.tiscmp.slow_1200mv_0c.ddb                                       ;
; db/DLX.tiscmp.slow_1200mv_85c.ddb                                      ;
; db/DLX.tmw_info                                                        ;
; db/DLX.vpr.ammdb                                                       ;
; db/DLX.zippleback_io_sim_cache.ff_0c_fast.hsd                          ;
; db/DLX.zippleback_io_sim_cache.ii_0c_slow.hsd                          ;
; db/DLX.zippleback_io_sim_cache.ii_85c_slow.hsd                         ;
; db/pll_altpll.v                                                        ;
; db/scfifo_4k51.tdf                                                     ;
; db/scfifo_6d21.tdf                                                     ;
; Decode.vhd                                                             ;
; diva.cmp                                                               ;
; diva.qip                                                               ;
; diva.vhd                                                               ;
; diva_ten.vhd                                                           ;
; DLX.archive.rpt                                                        ;
; DLX.asm.rpt                                                            ;
; DLX.dse                                                                ;
; DLX.fit.rpt                                                            ;
; DLX.fit.smsg                                                           ;
; DLX.fit.summary                                                        ;
; DLX.flow.rpt                                                           ;
; DLX.ipregen.rpt                                                        ;
; DLX.jdi                                                                ;
; DLX.map.rpt                                                            ;
; DLX.map.summary                                                        ;
; DLX.pin                                                                ;
; DLX.pof                                                                ;
; DLX.qpf                                                                ;
; DLX.qsf                                                                ;
; DLX.SDC                                                                ;
; DLX.sdc                                                                ;
; DLX.sld                                                                ;
; DLX.sof                                                                ;
; DLX.sta.rpt                                                            ;
; DLX.sta.summary                                                        ;
; DLX.vhd                                                                ;
; DLX_assignment_defaults.qdf                                            ;
; DLX_lab9_tb.vhd                                                        ;
; Execute.vhd                                                            ;
; fetch.vhd                                                              ;
; fifo_char.cmp                                                          ;
; fifo_char.qip                                                          ;
; fifo_char.vhd                                                          ;
; fifo_in_buf.cmp                                                        ;
; fifo_in_buf.qip                                                        ;
; fifo_in_buf.vhd                                                        ;
; FIFO_UART_RF.cmp                                                       ;
; FIFO_UART_RF.qip                                                       ;
; FIFO_UART_RF.vhd                                                       ;
; fifo_word.cmp                                                          ;
; fifo_word.qip                                                          ;
; fifo_word.vhd                                                          ;
; imm_mux.vhd                                                            ;
; in_buf.qip                                                             ;
; incremental_db/compiled_partitions/DLX.db_info                         ;
; incremental_db/compiled_partitions/DLX.root_partition.cmp.cdb          ;
; incremental_db/compiled_partitions/DLX.root_partition.cmp.dfp          ;
; incremental_db/compiled_partitions/DLX.root_partition.cmp.hdb          ;
; incremental_db/compiled_partitions/DLX.root_partition.cmp.logdb        ;
; incremental_db/compiled_partitions/DLX.root_partition.cmp.rcfdb        ;
; incremental_db/compiled_partitions/DLX.root_partition.map.cdb          ;
; incremental_db/compiled_partitions/DLX.root_partition.map.dpi          ;
; incremental_db/compiled_partitions/DLX.root_partition.map.hbdb.cdb     ;
; incremental_db/compiled_partitions/DLX.root_partition.map.hbdb.hb_info ;
; incremental_db/compiled_partitions/DLX.root_partition.map.hbdb.hdb     ;
; incremental_db/compiled_partitions/DLX.root_partition.map.hbdb.sig     ;
; incremental_db/compiled_partitions/DLX.root_partition.map.hdb          ;
; incremental_db/compiled_partitions/DLX.root_partition.map.kpt          ;
; incremental_db/compiled_partitions/DLX.rrp.hdb                         ;
; lcm_code.mif                                                           ;
; lcm_data.mif                                                           ;
; memory.vhd                                                             ;
; my_div.cmp                                                             ;
; my_div.qip                                                             ;
; my_div.vhd                                                             ;
; my_fifo.cmp                                                            ;
; my_fifo.qip                                                            ;
; my_fifo.vhd                                                            ;
; my_ram.cmp                                                             ;
; my_ram.qip                                                             ;
; my_ram.vhd                                                             ;
; my_ROM.cmp                                                             ;
; my_ROM.qip                                                             ;
; my_ROM.vhd                                                             ;
; OPCODE_PACKAGE.vhd                                                     ;
; Overseer.vhd                                                           ;
; PC_mux.vhd                                                             ;
; pll.cmp                                                                ;
; pll.ppf                                                                ;
; pll.qip                                                                ;
; pll.vhd                                                                ;
; predictor.vhd                                                          ;
; prime.dlx                                                              ;
; prime_code.mif                                                         ;
; prime_data.mif                                                         ;
; print_FSM.vhd                                                          ;
; registers.vhd                                                          ;
; scan_FSM.vhd                                                           ;
; sign_extend.vhd                                                        ;
; square.dlx                                                             ;
; square_code.mif                                                        ;
; square_data.mif                                                        ;
; stp1.stp                                                               ;
; Timer.vhd                                                              ;
; uart_recv.vhd                                                          ;
; UART_RF.qip                                                            ;
; UART_trans.vhd                                                         ;
; UARTSampler.vhd                                                        ;
; unit_code.mif                                                          ;
; unit_data.mif                                                          ;
; write_back.vhd                                                         ;
; Zeros.vhd                                                              ;
+------------------------------------------------------------------------+


