------------------------------------------------------------
Timing Analyzer Summary
------------------------------------------------------------

Type  : Slow 1200mV 85C Model Setup 'MAX10_CLK1_50'
Slack : -4.400
TNS   : -924.342

Type  : Slow 1200mV 85C Model Setup 'PLLTX|altpll_component|auto_generated|pll1|clk[2]'
Slack : -1.378
TNS   : -42.308

Type  : Slow 1200mV 85C Model Setup 'PLLTX|altpll_component|auto_generated|pll1|clk[0]'
Slack : 1078.420
TNS   : 0.000

Type  : Slow 1200mV 85C Model Setup 'PLLTX|altpll_component|auto_generated|pll1|clk[1]'
Slack : 8675.878
TNS   : 0.000

Type  : Slow 1200mV 85C Model Hold 'PLLTX|altpll_component|auto_generated|pll1|clk[1]'
Slack : 0.295
TNS   : 0.000

Type  : Slow 1200mV 85C Model Hold 'PLLTX|altpll_component|auto_generated|pll1|clk[0]'
Slack : 0.321
TNS   : 0.000

Type  : Slow 1200mV 85C Model Hold 'PLLTX|altpll_component|auto_generated|pll1|clk[2]'
Slack : 0.327
TNS   : 0.000

Type  : Slow 1200mV 85C Model Hold 'MAX10_CLK1_50'
Slack : 0.638
TNS   : 0.000

Type  : Slow 1200mV 85C Model Recovery 'MAX10_CLK1_50'
Slack : -3.036
TNS   : -677.467

Type  : Slow 1200mV 85C Model Removal 'MAX10_CLK1_50'
Slack : 2.462
TNS   : 0.000

Type  : Slow 1200mV 85C Model Minimum Pulse Width 'PLLTX|altpll_component|auto_generated|pll1|clk[2]'
Slack : 6.255
TNS   : 0.000

Type  : Slow 1200mV 85C Model Minimum Pulse Width 'MAX10_CLK1_50'
Slack : 9.638
TNS   : 0.000

Type  : Slow 1200mV 85C Model Minimum Pulse Width 'MAX10_CLK2_50'
Slack : 16.000
TNS   : 0.000

Type  : Slow 1200mV 85C Model Minimum Pulse Width 'ADC_CLK_10'
Slack : 96.000
TNS   : 0.000

Type  : Slow 1200mV 85C Model Minimum Pulse Width 'PLLTX|altpll_component|auto_generated|pll1|clk[0]'
Slack : 542.148
TNS   : 0.000

Type  : Slow 1200mV 85C Model Minimum Pulse Width 'PLLTX|altpll_component|auto_generated|pll1|clk[1]'
Slack : 4340.505
TNS   : 0.000

Type  : Slow 1200mV 0C Model Setup 'MAX10_CLK1_50'
Slack : -4.468
TNS   : -938.116

Type  : Slow 1200mV 0C Model Setup 'PLLTX|altpll_component|auto_generated|pll1|clk[2]'
Slack : -0.423
TNS   : -1.224

Type  : Slow 1200mV 0C Model Setup 'PLLTX|altpll_component|auto_generated|pll1|clk[0]'
Slack : 1078.824
TNS   : 0.000

Type  : Slow 1200mV 0C Model Setup 'PLLTX|altpll_component|auto_generated|pll1|clk[1]'
Slack : 8676.328
TNS   : 0.000

Type  : Slow 1200mV 0C Model Hold 'PLLTX|altpll_component|auto_generated|pll1|clk[1]'
Slack : 0.254
TNS   : 0.000

Type  : Slow 1200mV 0C Model Hold 'PLLTX|altpll_component|auto_generated|pll1|clk[2]'
Slack : 0.277
TNS   : 0.000

Type  : Slow 1200mV 0C Model Hold 'PLLTX|altpll_component|auto_generated|pll1|clk[0]'
Slack : 0.284
TNS   : 0.000

Type  : Slow 1200mV 0C Model Hold 'MAX10_CLK1_50'
Slack : 0.590
TNS   : 0.000

Type  : Slow 1200mV 0C Model Recovery 'MAX10_CLK1_50'
Slack : -3.080
TNS   : -687.474

Type  : Slow 1200mV 0C Model Removal 'MAX10_CLK1_50'
Slack : 2.399
TNS   : 0.000

Type  : Slow 1200mV 0C Model Minimum Pulse Width 'PLLTX|altpll_component|auto_generated|pll1|clk[2]'
Slack : 6.267
TNS   : 0.000

Type  : Slow 1200mV 0C Model Minimum Pulse Width 'MAX10_CLK1_50'
Slack : 9.649
TNS   : 0.000

Type  : Slow 1200mV 0C Model Minimum Pulse Width 'MAX10_CLK2_50'
Slack : 16.000
TNS   : 0.000

Type  : Slow 1200mV 0C Model Minimum Pulse Width 'ADC_CLK_10'
Slack : 96.000
TNS   : 0.000

Type  : Slow 1200mV 0C Model Minimum Pulse Width 'PLLTX|altpll_component|auto_generated|pll1|clk[0]'
Slack : 542.165
TNS   : 0.000

Type  : Slow 1200mV 0C Model Minimum Pulse Width 'PLLTX|altpll_component|auto_generated|pll1|clk[1]'
Slack : 4340.521
TNS   : 0.000

Type  : Fast 1200mV 0C Model Setup 'MAX10_CLK1_50'
Slack : -2.004
TNS   : -429.004

Type  : Fast 1200mV 0C Model Setup 'PLLTX|altpll_component|auto_generated|pll1|clk[2]'
Slack : 6.653
TNS   : 0.000

Type  : Fast 1200mV 0C Model Setup 'PLLTX|altpll_component|auto_generated|pll1|clk[0]'
Slack : 1082.016
TNS   : 0.000

Type  : Fast 1200mV 0C Model Setup 'PLLTX|altpll_component|auto_generated|pll1|clk[1]'
Slack : 8679.197
TNS   : 0.000

Type  : Fast 1200mV 0C Model Hold 'PLLTX|altpll_component|auto_generated|pll1|clk[1]'
Slack : 0.126
TNS   : 0.000

Type  : Fast 1200mV 0C Model Hold 'PLLTX|altpll_component|auto_generated|pll1|clk[2]'
Slack : 0.149
TNS   : 0.000

Type  : Fast 1200mV 0C Model Hold 'PLLTX|altpll_component|auto_generated|pll1|clk[0]'
Slack : 0.154
TNS   : 0.000

Type  : Fast 1200mV 0C Model Hold 'MAX10_CLK1_50'
Slack : 0.233
TNS   : 0.000

Type  : Fast 1200mV 0C Model Recovery 'MAX10_CLK1_50'
Slack : -1.530
TNS   : -340.243

Type  : Fast 1200mV 0C Model Removal 'MAX10_CLK1_50'
Slack : 1.172
TNS   : 0.000

Type  : Fast 1200mV 0C Model Minimum Pulse Width 'PLLTX|altpll_component|auto_generated|pll1|clk[2]'
Slack : 6.289
TNS   : 0.000

Type  : Fast 1200mV 0C Model Minimum Pulse Width 'MAX10_CLK1_50'
Slack : 9.325
TNS   : 0.000

Type  : Fast 1200mV 0C Model Minimum Pulse Width 'MAX10_CLK2_50'
Slack : 16.000
TNS   : 0.000

Type  : Fast 1200mV 0C Model Minimum Pulse Width 'ADC_CLK_10'
Slack : 96.000
TNS   : 0.000

Type  : Fast 1200mV 0C Model Minimum Pulse Width 'PLLTX|altpll_component|auto_generated|pll1|clk[0]'
Slack : 542.179
TNS   : 0.000

Type  : Fast 1200mV 0C Model Minimum Pulse Width 'PLLTX|altpll_component|auto_generated|pll1|clk[1]'
Slack : 4340.538
TNS   : 0.000

------------------------------------------------------------
