------------------------------------------------------------
Timing Analyzer Summary
------------------------------------------------------------

Type  : Slow 1200mV 85C Model Setup 'PLLTX|altpll_component|auto_generated|pll1|clk[2]'
Slack : 0.780
TNS   : 0.000

Type  : Slow 1200mV 85C Model Setup 'PLLTX|altpll_component|auto_generated|pll1|clk[0]'
Slack : 1079.808
TNS   : 0.000

Type  : Slow 1200mV 85C Model Setup 'PLLTX|altpll_component|auto_generated|pll1|clk[1]'
Slack : 8674.985
TNS   : 0.000

Type  : Slow 1200mV 85C Model Hold 'PLLTX|altpll_component|auto_generated|pll1|clk[2]'
Slack : 0.284
TNS   : 0.000

Type  : Slow 1200mV 85C Model Hold 'PLLTX|altpll_component|auto_generated|pll1|clk[1]'
Slack : 0.308
TNS   : 0.000

Type  : Slow 1200mV 85C Model Hold 'PLLTX|altpll_component|auto_generated|pll1|clk[0]'
Slack : 0.355
TNS   : 0.000

Type  : Slow 1200mV 85C Model Recovery 'PLLTX|altpll_component|auto_generated|pll1|clk[2]'
Slack : 8.435
TNS   : 0.000

Type  : Slow 1200mV 85C Model Removal 'PLLTX|altpll_component|auto_generated|pll1|clk[2]'
Slack : 6.032
TNS   : 0.000

Type  : Slow 1200mV 85C Model Minimum Pulse Width 'PLLTX|altpll_component|auto_generated|pll1|clk[2]'
Slack : 7.144
TNS   : 0.000

Type  : Slow 1200mV 85C Model Minimum Pulse Width 'MAX10_CLK1_50'
Slack : 9.822
TNS   : 0.000

Type  : Slow 1200mV 85C Model Minimum Pulse Width 'MAX10_CLK2_50'
Slack : 16.000
TNS   : 0.000

Type  : Slow 1200mV 85C Model Minimum Pulse Width 'ADC_CLK_10'
Slack : 96.000
TNS   : 0.000

Type  : Slow 1200mV 85C Model Minimum Pulse Width 'PLLTX|altpll_component|auto_generated|pll1|clk[0]'
Slack : 542.614
TNS   : 0.000

Type  : Slow 1200mV 85C Model Minimum Pulse Width 'PLLTX|altpll_component|auto_generated|pll1|clk[1]'
Slack : 4339.949
TNS   : 0.000

Type  : Slow 1200mV 0C Model Setup 'PLLTX|altpll_component|auto_generated|pll1|clk[2]'
Slack : 1.787
TNS   : 0.000

Type  : Slow 1200mV 0C Model Setup 'PLLTX|altpll_component|auto_generated|pll1|clk[0]'
Slack : 1080.279
TNS   : 0.000

Type  : Slow 1200mV 0C Model Setup 'PLLTX|altpll_component|auto_generated|pll1|clk[1]'
Slack : 8675.411
TNS   : 0.000

Type  : Slow 1200mV 0C Model Hold 'PLLTX|altpll_component|auto_generated|pll1|clk[2]'
Slack : 0.240
TNS   : 0.000

Type  : Slow 1200mV 0C Model Hold 'PLLTX|altpll_component|auto_generated|pll1|clk[1]'
Slack : 0.266
TNS   : 0.000

Type  : Slow 1200mV 0C Model Hold 'PLLTX|altpll_component|auto_generated|pll1|clk[0]'
Slack : 0.309
TNS   : 0.000

Type  : Slow 1200mV 0C Model Recovery 'PLLTX|altpll_component|auto_generated|pll1|clk[2]'
Slack : 8.908
TNS   : 0.000

Type  : Slow 1200mV 0C Model Removal 'PLLTX|altpll_component|auto_generated|pll1|clk[2]'
Slack : 5.397
TNS   : 0.000

Type  : Slow 1200mV 0C Model Minimum Pulse Width 'PLLTX|altpll_component|auto_generated|pll1|clk[2]'
Slack : 7.159
TNS   : 0.000

Type  : Slow 1200mV 0C Model Minimum Pulse Width 'MAX10_CLK1_50'
Slack : 9.831
TNS   : 0.000

Type  : Slow 1200mV 0C Model Minimum Pulse Width 'MAX10_CLK2_50'
Slack : 16.000
TNS   : 0.000

Type  : Slow 1200mV 0C Model Minimum Pulse Width 'ADC_CLK_10'
Slack : 96.000
TNS   : 0.000

Type  : Slow 1200mV 0C Model Minimum Pulse Width 'PLLTX|altpll_component|auto_generated|pll1|clk[0]'
Slack : 542.631
TNS   : 0.000

Type  : Slow 1200mV 0C Model Minimum Pulse Width 'PLLTX|altpll_component|auto_generated|pll1|clk[1]'
Slack : 4339.961
TNS   : 0.000

Type  : Fast 1200mV 0C Model Setup 'PLLTX|altpll_component|auto_generated|pll1|clk[2]'
Slack : 8.643
TNS   : 0.000

Type  : Fast 1200mV 0C Model Setup 'PLLTX|altpll_component|auto_generated|pll1|clk[0]'
Slack : 1083.171
TNS   : 0.000

Type  : Fast 1200mV 0C Model Setup 'PLLTX|altpll_component|auto_generated|pll1|clk[1]'
Slack : 8678.215
TNS   : 0.000

Type  : Fast 1200mV 0C Model Hold 'PLLTX|altpll_component|auto_generated|pll1|clk[2]'
Slack : 0.124
TNS   : 0.000

Type  : Fast 1200mV 0C Model Hold 'PLLTX|altpll_component|auto_generated|pll1|clk[1]'
Slack : 0.145
TNS   : 0.000

Type  : Fast 1200mV 0C Model Hold 'PLLTX|altpll_component|auto_generated|pll1|clk[0]'
Slack : 0.166
TNS   : 0.000

Type  : Fast 1200mV 0C Model Recovery 'PLLTX|altpll_component|auto_generated|pll1|clk[2]'
Slack : 11.755
TNS   : 0.000

Type  : Fast 1200mV 0C Model Removal 'PLLTX|altpll_component|auto_generated|pll1|clk[2]'
Slack : 2.766
TNS   : 0.000

Type  : Fast 1200mV 0C Model Minimum Pulse Width 'PLLTX|altpll_component|auto_generated|pll1|clk[2]'
Slack : 7.181
TNS   : 0.000

Type  : Fast 1200mV 0C Model Minimum Pulse Width 'MAX10_CLK1_50'
Slack : 9.530
TNS   : 0.000

Type  : Fast 1200mV 0C Model Minimum Pulse Width 'MAX10_CLK2_50'
Slack : 16.000
TNS   : 0.000

Type  : Fast 1200mV 0C Model Minimum Pulse Width 'ADC_CLK_10'
Slack : 96.000
TNS   : 0.000

Type  : Fast 1200mV 0C Model Minimum Pulse Width 'PLLTX|altpll_component|auto_generated|pll1|clk[0]'
Slack : 542.645
TNS   : 0.000

Type  : Fast 1200mV 0C Model Minimum Pulse Width 'PLLTX|altpll_component|auto_generated|pll1|clk[1]'
Slack : 4339.985
TNS   : 0.000

------------------------------------------------------------
