TBBmalloc: skip allocation functions replacement in ucrtbase.dll: unknown prologue for function _msize
Info: *******************************************************************
Info: Running Quartus Prime Worker Version 24.1std.0 Build 1077 03/04/2025 SC Lite Edition
Info: Your use of Altera Corporation's design tools, logic functions 
Info: and other software and tools, and any partner logic 
Info: functions, and any output files from any of the foregoing 
Info: (including device programming or simulation files), and any 
Info: associated documentation or information are expressly subject 
Info: to the terms and conditions of the Altera Program License 
Info: Subscription Agreement, the Altera Quartus Prime License Agreement,
Info: the Altera IP License Agreement, or other applicable license
Info: agreement, including, without limitation, that your use is for
Info: the sole purpose of programming logic devices manufactured by
Info: Altera and sold by Altera or its authorized distributors.  Please
Info: refer to the Altera Software License Subscription Agreements 
Info: on the Quartus Prime software download page.
Info: *******************************************************************
Info: Registering self with server http://localhost:55526/api/v1.0/broker/server/
Info: Successfully registered with server.
Info: Starting compilation quartus_py -m quartus.dse.fit_sta DLX.qsf
Info: Sent timestamps successfully
Info: Preparing to compile DLX ...
Info: Downloading DLX.qar.sha256 ...
Info: Finished download.
Info: Verified dse/dse1/dse1_base\DLX.qar.sha256 exists.
Info: Downloading DLX.qar ...
Info: Finished download.
Info: Verified dse/dse1/dse1_base\DLX.qar exists.
Info: Download successful. Checksum matched expected value.
Info: Unarchive command: ['quartus_sh', '--restore', '-output', 'dse/dse1/dse1_base', 'dse/dse1/dse1_base\\DLX.qar']
Info: Downloading dse1_base.qsf ...
Info: Finished download.
Info: Verified C:\Users\A02395949\Documents\advanced\ECE_6740\FinalProject\dse/dse1/dse1_base\DLX.qsf exists.
Info: Downloading dse1_base.qpf ...
Info: Finished download.
Info: Verified dse/dse1/dse1_base\DLX.qpf exists.
Info: Sent timestamps successfully
Info: Sent timestamps successfully
Info: Compilation finished. 0 msgs
Info: Processing keep results option: all
Info: Sent timestamps successfully
